ARM Linker, 5.02 [Build 28] [MDK-ARM Lite]

==============================================================================

Section Cross References

    radio_config.o(i.bytewise_bitswap) refers to radio_config.o(i.swap_bits) for swap_bits
    radio_config.o(i.radio_configure) refers to radio_config.o(i.swap_bits) for swap_bits
    radio_config.o(i.radio_configure) refers to radio_config.o(i.bytewise_bitswap) for bytewise_bitswap
    main_rx.o(i.main) refers to radio_config.o(i.radio_configure) for radio_configure
    main_rx.o(i.main) refers to main_rx.o(i.nrf_gpio_port_write) for nrf_gpio_port_write
    main_rx.o(i.main) refers to main_rx.o(.data) for packet
    startup_arm_nrf51.o(RESET) refers to startup_arm_nrf51.o(STACK) for __initial_sp
    startup_arm_nrf51.o(RESET) refers to startup_arm_nrf51.o(.text) for Reset_Handler
    startup_arm_nrf51.o(.text) refers to system_nrf51.o(i.SystemInit) for SystemInit
    startup_arm_nrf51.o(.text) refers to entry.o(.ARM.Collect$$$$00000000) for __main
    system_nrf51.o(i.SystemCoreClockUpdate) refers to system_nrf51.o(.data) for SystemCoreClock
    nrf_delay.o(i.nrf_delay_ms) refers to nrf_delay.o(.emb_text) for __asm___11_nrf_delay_c_532987f3__nrf_delay_us
    entry.o(.ARM.Collect$$$$00000000) refers (Special) to entry7b.o(.ARM.Collect$$$$00000008) for _main_clock
    entry.o(.ARM.Collect$$$$00000000) refers (Special) to entry8.o(.ARM.Collect$$$$00000009) for _main_init
    entry.o(.ARM.Collect$$$$00000000) refers (Special) to entry5.o(.ARM.Collect$$$$00000004) for _main_scatterload
    entry.o(.ARM.Collect$$$$00000000) refers (Special) to entry2.o(.ARM.Collect$$$$00000001) for _main_stk
    entry2.o(.ARM.Collect$$$$00000001) refers to entry2.o(.ARM.Collect$$$$00002712) for __lit__00000000
    entry2.o(.ARM.Collect$$$$00002712) refers to startup_arm_nrf51.o(STACK) for __initial_sp
    entry2.o(__vectab_stack_and_reset_area) refers to startup_arm_nrf51.o(STACK) for __initial_sp
    entry2.o(__vectab_stack_and_reset_area) refers to entry.o(.ARM.Collect$$$$00000000) for __main
    entry5.o(.ARM.Collect$$$$00000004) refers to init.o(.text) for __scatterload
    entry8.o(.ARM.Collect$$$$00000009) refers to main_rx.o(i.main) for main
    init.o(.text) refers to entry5.o(.ARM.Collect$$$$00000004) for __main_after_scatterload


==============================================================================

Removing Unused input sections from the image.

    Removing radio_config.o(.rev16_text), (4 bytes).
    Removing radio_config.o(.revsh_text), (4 bytes).
    Removing radio_config.o(.emb_text), (30 bytes).
    Removing main_rx.o(.rev16_text), (4 bytes).
    Removing main_rx.o(.revsh_text), (4 bytes).
    Removing main_rx.o(.emb_text), (30 bytes).
    Removing startup_arm_nrf51.o(HEAP), (2048 bytes).
    Removing system_nrf51.o(.rev16_text), (4 bytes).
    Removing system_nrf51.o(.revsh_text), (4 bytes).
    Removing system_nrf51.o(i.SystemCoreClockUpdate), (16 bytes).
    Removing system_nrf51.o(.data), (4 bytes).
    Removing nrf_delay.o(.rev16_text), (4 bytes).
    Removing nrf_delay.o(.revsh_text), (4 bytes).
    Removing nrf_delay.o(.emb_text), (30 bytes).
    Removing nrf_delay.o(i.nrf_delay_ms), (24 bytes).

15 unused section(s) (total 2214 bytes) removed from the image.

==============================================================================

Image Symbol Table

    Local Symbols

    Symbol Name                              Value     Ov Type        Size  Object(Section)

    RESET                                    0x00000000   Section      192  startup_arm_nrf51.o(RESET)
    ../clib/microlib/init/entry.s            0x00000000   Number         0  entry2.o ABSOLUTE
    ../clib/microlib/init/entry.s            0x00000000   Number         0  entry8.o ABSOLUTE
    ../clib/microlib/init/entry.s            0x00000000   Number         0  entry7b.o ABSOLUTE
    ../clib/microlib/init/entry.s            0x00000000   Number         0  entry7a.o ABSOLUTE
    ../clib/microlib/init/entry.s            0x00000000   Number         0  entry5.o ABSOLUTE
    ../clib/microlib/init/entry.s            0x00000000   Number         0  entry.o ABSOLUTE
    ..\..\..\..\Source\nrf_delay\nrf_delay.c 0x00000000   Number         0  nrf_delay.o ABSOLUTE
    ..\..\..\..\Source\templates\arm\arm_startup_nrf51.s 0x00000000   Number         0  startup_arm_nrf51.o ABSOLUTE
    ..\..\..\..\Source\templates\system_nrf51.c 0x00000000   Number         0  system_nrf51.o ABSOLUTE
    ..\\..\\..\\..\\Source\\nrf_delay\\nrf_delay.c 0x00000000   Number         0  nrf_delay.o ABSOLUTE
    ..\\..\\..\\..\\Source\\templates\\system_nrf51.c 0x00000000   Number         0  system_nrf51.o ABSOLUTE
    ..\\main_rx.c                            0x00000000   Number         0  main_rx.o ABSOLUTE
    ..\\radio_config.c                       0x00000000   Number         0  radio_config.o ABSOLUTE
    ..\main_rx.c                             0x00000000   Number         0  main_rx.o ABSOLUTE
    ..\radio_config.c                        0x00000000   Number         0  radio_config.o ABSOLUTE
    dc.s                                     0x00000000   Number         0  dc.o ABSOLUTE
    handlers.s                               0x00000000   Number         0  handlers.o ABSOLUTE
    init.s                                   0x00000000   Number         0  init.o ABSOLUTE
    .ARM.Collect$$$$00000000                 0x000000c0   Section        0  entry.o(.ARM.Collect$$$$00000000)
    .ARM.Collect$$$$00000001                 0x000000c0   Section        4  entry2.o(.ARM.Collect$$$$00000001)
    .ARM.Collect$$$$00000004                 0x000000c4   Section        4  entry5.o(.ARM.Collect$$$$00000004)
    .ARM.Collect$$$$00000008                 0x000000c8   Section        0  entry7b.o(.ARM.Collect$$$$00000008)
    .ARM.Collect$$$$00000009                 0x000000c8   Section        8  entry8.o(.ARM.Collect$$$$00000009)
    .ARM.Collect$$$$00002712                 0x000000d0   Section        4  entry2.o(.ARM.Collect$$$$00002712)
    __lit__00000000                          0x000000d0   Data           4  entry2.o(.ARM.Collect$$$$00002712)
    .text                                    0x000000d4   Section       44  startup_arm_nrf51.o(.text)
    .text                                    0x00000100   Section       36  init.o(.text)
    i.SystemInit                             0x00000124   Section        0  system_nrf51.o(i.SystemInit)
    i.__scatterload_copy                     0x00000150   Section       14  handlers.o(i.__scatterload_copy)
    i.__scatterload_null                     0x0000015e   Section        2  handlers.o(i.__scatterload_null)
    i.__scatterload_zeroinit                 0x00000160   Section       14  handlers.o(i.__scatterload_zeroinit)
    i.bytewise_bitswap                       0x0000016e   Section        0  radio_config.o(i.bytewise_bitswap)
    bytewise_bitswap                         0x0000016f   Thumb Code    42  radio_config.o(i.bytewise_bitswap)
    i.main                                   0x00000198   Section        0  main_rx.o(i.main)
    i.nrf_gpio_port_write                    0x00000250   Section        0  main_rx.o(i.nrf_gpio_port_write)
    nrf_gpio_port_write                      0x00000251   Thumb Code     8  main_rx.o(i.nrf_gpio_port_write)
    i.radio_configure                        0x0000025c   Section        0  radio_config.o(i.radio_configure)
    i.swap_bits                              0x0000032c   Section        0  radio_config.o(i.swap_bits)
    swap_bits                                0x0000032d   Thumb Code    36  radio_config.o(i.swap_bits)
    .data                                    0x20000000   Section        1  main_rx.o(.data)
    packet                                   0x20000000   Data           1  main_rx.o(.data)
    STACK                                    0x20000008   Section     2048  startup_arm_nrf51.o(STACK)

    Global Symbols

    Symbol Name                              Value     Ov Type        Size  Object(Section)

    BuildAttributes$$THM_ISAv3M$S$PE$A:L22$X:L11$S22$IEEE1$IW$USESV6$~STKCKD$USESV7$~SHL$OSPACE$EBA8$MICROLIB$REQ8$PRES8$EABIv2 0x00000000   Number         0  anon$$obj.o ABSOLUTE
    __ARM_use_no_argv                        0x00000000   Number         0  main_rx.o ABSOLUTE
    __Vectors                                0x00000000   Data           4  startup_arm_nrf51.o(RESET)
    __decompress                              - Undefined Weak Reference
    _clock_init                               - Undefined Weak Reference
    __Vectors_End                            0x000000c0   Data           0  startup_arm_nrf51.o(RESET)
    __Vectors_Size                           0x000000c0   Number         0  startup_arm_nrf51.o ABSOLUTE
    __main                                   0x000000c1   Thumb Code     0  entry.o(.ARM.Collect$$$$00000000)
    _main_stk                                0x000000c1   Thumb Code     0  entry2.o(.ARM.Collect$$$$00000001)
    _main_scatterload                        0x000000c5   Thumb Code     0  entry5.o(.ARM.Collect$$$$00000004)
    __main_after_scatterload                 0x000000c9   Thumb Code     0  entry5.o(.ARM.Collect$$$$00000004)
    _main_clock                              0x000000c9   Thumb Code     0  entry7b.o(.ARM.Collect$$$$00000008)
    _main_init                               0x000000c9   Thumb Code     0  entry8.o(.ARM.Collect$$$$00000009)
    Reset_Handler                            0x000000d5   Thumb Code    18  startup_arm_nrf51.o(.text)
    NMI_Handler                              0x000000e7   Thumb Code     2  startup_arm_nrf51.o(.text)
    HardFault_Handler                        0x000000e9   Thumb Code     2  startup_arm_nrf51.o(.text)
    SVC_Handler                              0x000000eb   Thumb Code     2  startup_arm_nrf51.o(.text)
    PendSV_Handler                           0x000000ed   Thumb Code     2  startup_arm_nrf51.o(.text)
    SysTick_Handler                          0x000000ef   Thumb Code     2  startup_arm_nrf51.o(.text)
    ADC_IRQHandler                           0x000000f1   Thumb Code     0  startup_arm_nrf51.o(.text)
    CCM_AAR_IRQHandler                       0x000000f1   Thumb Code     0  startup_arm_nrf51.o(.text)
    ECB_IRQHandler                           0x000000f1   Thumb Code     0  startup_arm_nrf51.o(.text)
    GPIOTE_IRQHandler                        0x000000f1   Thumb Code     0  startup_arm_nrf51.o(.text)
    POWER_CLOCK_IRQHandler                   0x000000f1   Thumb Code     0  startup_arm_nrf51.o(.text)
    QDEC_IRQHandler                          0x000000f1   Thumb Code     0  startup_arm_nrf51.o(.text)
    RADIO_IRQHandler                         0x000000f1   Thumb Code     0  startup_arm_nrf51.o(.text)
    RNG_IRQHandler                           0x000000f1   Thumb Code     0  startup_arm_nrf51.o(.text)
    RTC0_IRQHandler                          0x000000f1   Thumb Code     0  startup_arm_nrf51.o(.text)
    RTC1_IRQHandler                          0x000000f1   Thumb Code     0  startup_arm_nrf51.o(.text)
    SPI0_TWI0_IRQHandler                     0x000000f1   Thumb Code     0  startup_arm_nrf51.o(.text)
    SPI1_TWI1_IRQHandler                     0x000000f1   Thumb Code     0  startup_arm_nrf51.o(.text)
    SWI0_IRQHandler                          0x000000f1   Thumb Code     0  startup_arm_nrf51.o(.text)
    SWI1_IRQHandler                          0x000000f1   Thumb Code     0  startup_arm_nrf51.o(.text)
    SWI2_IRQHandler                          0x000000f1   Thumb Code     0  startup_arm_nrf51.o(.text)
    SWI3_IRQHandler                          0x000000f1   Thumb Code     0  startup_arm_nrf51.o(.text)
    SWI4_IRQHandler                          0x000000f1   Thumb Code     0  startup_arm_nrf51.o(.text)
    SWI5_IRQHandler                          0x000000f1   Thumb Code     0  startup_arm_nrf51.o(.text)
    TEMP_IRQHandler                          0x000000f1   Thumb Code     0  startup_arm_nrf51.o(.text)
    TIMER0_IRQHandler                        0x000000f1   Thumb Code     0  startup_arm_nrf51.o(.text)
    TIMER1_IRQHandler                        0x000000f1   Thumb Code     0  startup_arm_nrf51.o(.text)
    TIMER2_IRQHandler                        0x000000f1   Thumb Code     0  startup_arm_nrf51.o(.text)
    UART0_IRQHandler                         0x000000f1   Thumb Code     0  startup_arm_nrf51.o(.text)
    WDT_IRQHandler                           0x000000f1   Thumb Code     0  startup_arm_nrf51.o(.text)
    WUCOMP_COMP_IRQHandler                   0x000000f1   Thumb Code     0  startup_arm_nrf51.o(.text)
    __scatterload                            0x00000101   Thumb Code    28  init.o(.text)
    __scatterload_rt2                        0x00000101   Thumb Code     0  init.o(.text)
    SystemInit                               0x00000125   Thumb Code    26  system_nrf51.o(i.SystemInit)
    __scatterload_copy                       0x00000151   Thumb Code    14  handlers.o(i.__scatterload_copy)
    __scatterload_null                       0x0000015f   Thumb Code     2  handlers.o(i.__scatterload_null)
    __scatterload_zeroinit                   0x00000161   Thumb Code    14  handlers.o(i.__scatterload_zeroinit)
    main                                     0x00000199   Thumb Code   158  main_rx.o(i.main)
    radio_configure                          0x0000025d   Thumb Code   184  radio_config.o(i.radio_configure)
    Region$$Table$$Base                      0x00000350   Number         0  anon$$obj.o(Region$$Table)
    Region$$Table$$Limit                     0x00000360   Number         0  anon$$obj.o(Region$$Table)
    __initial_sp                             0x20000808   Data           0  startup_arm_nrf51.o(STACK)



==============================================================================

Memory Map of the image

  Image Entry point : 0x000000c1

  Load Region LR_IROM1 (Base: 0x00000000, Size: 0x00000364, Max: 0x00040000, ABSOLUTE)

    Execution Region ER_IROM1 (Base: 0x00000000, Size: 0x00000360, Max: 0x00040000, ABSOLUTE)

    Base Addr    Size         Type   Attr      Idx    E Section Name        Object

    0x00000000   0x000000c0   Data   RO          120    RESET               startup_arm_nrf51.o
    0x000000c0   0x00000000   Code   RO          181  * .ARM.Collect$$$$00000000  mc_p.l(entry.o)
    0x000000c0   0x00000004   Code   RO          184    .ARM.Collect$$$$00000001  mc_p.l(entry2.o)
    0x000000c4   0x00000004   Code   RO          187    .ARM.Collect$$$$00000004  mc_p.l(entry5.o)
    0x000000c8   0x00000000   Code   RO          189    .ARM.Collect$$$$00000008  mc_p.l(entry7b.o)
    0x000000c8   0x00000008   Code   RO          190    .ARM.Collect$$$$00000009  mc_p.l(entry8.o)
    0x000000d0   0x00000004   Code   RO          185    .ARM.Collect$$$$00002712  mc_p.l(entry2.o)
    0x000000d4   0x0000002c   Code   RO          121    .text               startup_arm_nrf51.o
    0x00000100   0x00000024   Code   RO          191    .text               mc_p.l(init.o)
    0x00000124   0x0000002c   Code   RO          128    i.SystemInit        system_nrf51.o
    0x00000150   0x0000000e   Code   RO          195    i.__scatterload_copy  mc_p.l(handlers.o)
    0x0000015e   0x00000002   Code   RO          196    i.__scatterload_null  mc_p.l(handlers.o)
    0x00000160   0x0000000e   Code   RO          197    i.__scatterload_zeroinit  mc_p.l(handlers.o)
    0x0000016e   0x0000002a   Code   RO            4    i.bytewise_bitswap  radio_config.o
    0x00000198   0x000000b8   Code   RO           78    i.main              main_rx.o
    0x00000250   0x0000000c   Code   RO           79    i.nrf_gpio_port_write  main_rx.o
    0x0000025c   0x000000d0   Code   RO            5    i.radio_configure   radio_config.o
    0x0000032c   0x00000024   Code   RO            6    i.swap_bits         radio_config.o
    0x00000350   0x00000010   Data   RO          193    Region$$Table       anon$$obj.o


    Execution Region RW_IRAM1 (Base: 0x20000000, Size: 0x00000808, Max: 0x00004000, ABSOLUTE, UNINIT)

    Base Addr    Size         Type   Attr      Idx    E Section Name        Object

    0x20000000   0x00000001   Data   RW           80    .data               main_rx.o
    0x20000001   0x00000007   PAD
    0x20000008   0x00000800   Zero   RW          118    STACK               startup_arm_nrf51.o


==============================================================================

Image component sizes


      Code (inc. data)   RO Data    RW Data    ZI Data      Debug   Object Name

       196         30          0          1          0       3511   main_rx.o
       286         24          0          0          0       5710   radio_config.o
        44         14        192          0       2048        644   startup_arm_nrf51.o
        44         18          0          0          0        449   system_nrf51.o

    ----------------------------------------------------------------------
       570         86        208          4       2052      10314   Object Totals
         0          0         16          0          0          0   (incl. Generated)
         0          0          0          3          4          0   (incl. Padding)

    ----------------------------------------------------------------------

      Code (inc. data)   RO Data    RW Data    ZI Data      Debug   Library Member Name

         0          0          0          0          0          0   entry.o
         8          4          0          0          0          0   entry2.o
         4          0          0          0          0          0   entry5.o
         0          0          0          0          0          0   entry7b.o
         8          4          0          0          0          0   entry8.o
        30          0          0          0          0          0   handlers.o
        36          8          0          0          0         68   init.o

    ----------------------------------------------------------------------
        86         16          0          0          0         68   Library Totals
         0          0          0          0          0          0   (incl. Padding)

    ----------------------------------------------------------------------

      Code (inc. data)   RO Data    RW Data    ZI Data      Debug   Library Name

        86         16          0          0          0         68   mc_p.l

    ----------------------------------------------------------------------
        86         16          0          0          0         68   Library Totals

    ----------------------------------------------------------------------

==============================================================================


      Code (inc. data)   RO Data    RW Data    ZI Data      Debug   

       656        102        208          4       2052      10154   Grand Totals
       656        102        208          4       2052      10154   ELF Image Totals
       656        102        208          4          0          0   ROM Totals

==============================================================================

    Total RO  Size (Code + RO Data)                  864 (   0.84kB)
    Total RW  Size (RW Data + ZI Data)              2056 (   2.01kB)
    Total ROM Size (Code + RO Data + RW Data)        868 (   0.85kB)

==============================================================================

