ARM Linker, 5.02 [Build 28] [MDK-ARM Lite]

==============================================================================

Section Cross References

    main.o(i.main) refers to main.o(i.test_spi_tx_rx) for test_spi_tx_rx
    main.o(i.main) refers to nrf_delay.o(i.nrf_delay_ms) for nrf_delay_ms
    main.o(i.test_spi_tx_rx) refers to spi_master.o(i.spi_master_init) for spi_master_init
    main.o(i.test_spi_tx_rx) refers to spi_master.o(i.spi_master_tx_rx) for spi_master_tx_rx
    main.o(i.test_spi_tx_rx) refers to main.o(.bss) for tx_data
    startup_arm_nrf51.o(RESET) refers to startup_arm_nrf51.o(STACK) for __initial_sp
    startup_arm_nrf51.o(RESET) refers to startup_arm_nrf51.o(.text) for Reset_Handler
    startup_arm_nrf51.o(.text) refers to system_nrf51.o(i.SystemInit) for SystemInit
    startup_arm_nrf51.o(.text) refers to entry.o(.ARM.Collect$$$$00000000) for __main
    system_nrf51.o(i.SystemCoreClockUpdate) refers to system_nrf51.o(.data) for SystemCoreClock
    spi_master.o(i.spi_master_init) refers to spi_master.o(i.nrf_gpio_cfg_output) for nrf_gpio_cfg_output
    spi_master.o(i.spi_master_init) refers to spi_master.o(i.nrf_gpio_cfg_input) for nrf_gpio_cfg_input
    spi_master.o(i.spi_master_init) refers to spi_master.o(i.nrf_gpio_pin_set) for nrf_gpio_pin_set
    spi_master.o(i.spi_master_tx_rx) refers to spi_master.o(i.nrf_gpio_pin_set) for nrf_gpio_pin_set
    nrf_delay.o(i.nrf_delay_ms) refers to nrf_delay.o(.emb_text) for __asm___11_nrf_delay_c_532987f3__nrf_delay_us
    entry.o(.ARM.Collect$$$$00000000) refers (Special) to entry7b.o(.ARM.Collect$$$$00000008) for _main_clock
    entry.o(.ARM.Collect$$$$00000000) refers (Special) to entry8.o(.ARM.Collect$$$$00000009) for _main_init
    entry.o(.ARM.Collect$$$$00000000) refers (Special) to entry5.o(.ARM.Collect$$$$00000004) for _main_scatterload
    entry.o(.ARM.Collect$$$$00000000) refers (Special) to entry2.o(.ARM.Collect$$$$00000001) for _main_stk
    entry2.o(.ARM.Collect$$$$00000001) refers to entry2.o(.ARM.Collect$$$$00002712) for __lit__00000000
    entry2.o(.ARM.Collect$$$$00002712) refers to startup_arm_nrf51.o(STACK) for __initial_sp
    entry2.o(__vectab_stack_and_reset_area) refers to startup_arm_nrf51.o(STACK) for __initial_sp
    entry2.o(__vectab_stack_and_reset_area) refers to entry.o(.ARM.Collect$$$$00000000) for __main
    entry5.o(.ARM.Collect$$$$00000004) refers to init.o(.text) for __scatterload
    entry8.o(.ARM.Collect$$$$00000009) refers to main.o(i.main) for main
    init.o(.text) refers to entry5.o(.ARM.Collect$$$$00000004) for __main_after_scatterload


==============================================================================

Removing Unused input sections from the image.

    Removing main.o(.rev16_text), (4 bytes).
    Removing main.o(.revsh_text), (4 bytes).
    Removing main.o(.emb_text), (30 bytes).
    Removing startup_arm_nrf51.o(HEAP), (2048 bytes).
    Removing system_nrf51.o(.rev16_text), (4 bytes).
    Removing system_nrf51.o(.revsh_text), (4 bytes).
    Removing system_nrf51.o(i.SystemCoreClockUpdate), (16 bytes).
    Removing system_nrf51.o(.data), (4 bytes).
    Removing spi_master.o(.rev16_text), (4 bytes).
    Removing spi_master.o(.revsh_text), (4 bytes).
    Removing spi_master.o(.emb_text), (30 bytes).
    Removing nrf_delay.o(.rev16_text), (4 bytes).
    Removing nrf_delay.o(.revsh_text), (4 bytes).

13 unused section(s) (total 2160 bytes) removed from the image.

==============================================================================

Image Symbol Table

    Local Symbols

    Symbol Name                              Value     Ov Type        Size  Object(Section)

    RESET                                    0x00000000   Section      192  startup_arm_nrf51.o(RESET)
    ../clib/microlib/init/entry.s            0x00000000   Number         0  entry8.o ABSOLUTE
    ../clib/microlib/init/entry.s            0x00000000   Number         0  entry7a.o ABSOLUTE
    ../clib/microlib/init/entry.s            0x00000000   Number         0  entry5.o ABSOLUTE
    ../clib/microlib/init/entry.s            0x00000000   Number         0  entry7b.o ABSOLUTE
    ../clib/microlib/init/entry.s            0x00000000   Number         0  entry2.o ABSOLUTE
    ../clib/microlib/init/entry.s            0x00000000   Number         0  entry.o ABSOLUTE
    ..\..\..\..\Source\nrf_delay\nrf_delay.c 0x00000000   Number         0  nrf_delay.o ABSOLUTE
    ..\..\..\..\Source\spi_master\spi_master.c 0x00000000   Number         0  spi_master.o ABSOLUTE
    ..\..\..\..\Source\templates\arm\arm_startup_nrf51.s 0x00000000   Number         0  startup_arm_nrf51.o ABSOLUTE
    ..\..\..\..\Source\templates\system_nrf51.c 0x00000000   Number         0  system_nrf51.o ABSOLUTE
    ..\\..\\..\\..\\Source\\nrf_delay\\nrf_delay.c 0x00000000   Number         0  nrf_delay.o ABSOLUTE
    ..\\..\\..\\..\\Source\\spi_master\\spi_master.c 0x00000000   Number         0  spi_master.o ABSOLUTE
    ..\\..\\..\\..\\Source\\templates\\system_nrf51.c 0x00000000   Number         0  system_nrf51.o ABSOLUTE
    ..\\main.c                               0x00000000   Number         0  main.o ABSOLUTE
    ..\main.c                                0x00000000   Number         0  main.o ABSOLUTE
    dc.s                                     0x00000000   Number         0  dc.o ABSOLUTE
    init.s                                   0x00000000   Number         0  init.o ABSOLUTE
    .ARM.Collect$$$$00000000                 0x000000c0   Section        0  entry.o(.ARM.Collect$$$$00000000)
    .ARM.Collect$$$$00000001                 0x000000c0   Section        4  entry2.o(.ARM.Collect$$$$00000001)
    .ARM.Collect$$$$00000004                 0x000000c4   Section        4  entry5.o(.ARM.Collect$$$$00000004)
    .ARM.Collect$$$$00000008                 0x000000c8   Section        0  entry7b.o(.ARM.Collect$$$$00000008)
    .ARM.Collect$$$$00000009                 0x000000c8   Section        8  entry8.o(.ARM.Collect$$$$00000009)
    .ARM.Collect$$$$00002712                 0x000000d0   Section        4  entry2.o(.ARM.Collect$$$$00002712)
    __lit__00000000                          0x000000d0   Data           4  entry2.o(.ARM.Collect$$$$00002712)
    .emb_text                                0x000000d4   Section       30  nrf_delay.o(.emb_text)
    .text                                    0x000000f4   Section       44  startup_arm_nrf51.o(.text)
    .text                                    0x00000120   Section       36  init.o(.text)
    i.SystemInit                             0x00000144   Section        0  system_nrf51.o(i.SystemInit)
    i.main                                   0x00000170   Section        0  main.o(i.main)
    i.nrf_delay_ms                           0x000001d0   Section        0  nrf_delay.o(i.nrf_delay_ms)
    i.nrf_gpio_cfg_input                     0x000001e8   Section        0  spi_master.o(i.nrf_gpio_cfg_input)
    nrf_gpio_cfg_input                       0x000001e9   Thumb Code    20  spi_master.o(i.nrf_gpio_cfg_input)
    i.nrf_gpio_cfg_output                    0x000001fc   Section        0  spi_master.o(i.nrf_gpio_cfg_output)
    nrf_gpio_cfg_output                      0x000001fd   Thumb Code    18  spi_master.o(i.nrf_gpio_cfg_output)
    i.nrf_gpio_pin_set                       0x00000210   Section        0  spi_master.o(i.nrf_gpio_pin_set)
    nrf_gpio_pin_set                         0x00000211   Thumb Code    10  spi_master.o(i.nrf_gpio_pin_set)
    i.spi_master_init                        0x00000220   Section        0  spi_master.o(i.spi_master_init)
    i.spi_master_tx_rx                       0x00000320   Section        0  spi_master.o(i.spi_master_tx_rx)
    i.test_spi_tx_rx                         0x000003b0   Section        0  main.o(i.test_spi_tx_rx)
    test_spi_tx_rx                           0x000003b1   Thumb Code   106  main.o(i.test_spi_tx_rx)
    .bss                                     0x20000000   Section      200  main.o(.bss)
    tx_data                                  0x20000000   Data         100  main.o(.bss)
    rx_data                                  0x20000064   Data         100  main.o(.bss)
    STACK                                    0x200000c8   Section     2048  startup_arm_nrf51.o(STACK)

    Global Symbols

    Symbol Name                              Value     Ov Type        Size  Object(Section)

    BuildAttributes$$THM_ISAv3M$S$PE$A:L22$X:L11$S22$IEEE1$IW$USESV6$~STKCKD$USESV7$~SHL$OSPACE$EBA8$MICROLIB$REQ8$PRES8$EABIv2 0x00000000   Number         0  anon$$obj.o ABSOLUTE
    __ARM_use_no_argv                        0x00000000   Number         0  main.o ABSOLUTE
    __Vectors                                0x00000000   Data           4  startup_arm_nrf51.o(RESET)
    __decompress                              - Undefined Weak Reference
    _clock_init                               - Undefined Weak Reference
    __Vectors_End                            0x000000c0   Data           0  startup_arm_nrf51.o(RESET)
    __Vectors_Size                           0x000000c0   Number         0  startup_arm_nrf51.o ABSOLUTE
    __main                                   0x000000c1   Thumb Code     0  entry.o(.ARM.Collect$$$$00000000)
    _main_stk                                0x000000c1   Thumb Code     0  entry2.o(.ARM.Collect$$$$00000001)
    _main_scatterload                        0x000000c5   Thumb Code     0  entry5.o(.ARM.Collect$$$$00000004)
    __main_after_scatterload                 0x000000c9   Thumb Code     0  entry5.o(.ARM.Collect$$$$00000004)
    _main_clock                              0x000000c9   Thumb Code     0  entry7b.o(.ARM.Collect$$$$00000008)
    _main_init                               0x000000c9   Thumb Code     0  entry8.o(.ARM.Collect$$$$00000009)
    __asm___11_nrf_delay_c_532987f3__nrf_delay_us 0x000000d5   Thumb Code    30  nrf_delay.o(.emb_text)
    Reset_Handler                            0x000000f5   Thumb Code    18  startup_arm_nrf51.o(.text)
    NMI_Handler                              0x00000107   Thumb Code     2  startup_arm_nrf51.o(.text)
    HardFault_Handler                        0x00000109   Thumb Code     2  startup_arm_nrf51.o(.text)
    SVC_Handler                              0x0000010b   Thumb Code     2  startup_arm_nrf51.o(.text)
    PendSV_Handler                           0x0000010d   Thumb Code     2  startup_arm_nrf51.o(.text)
    SysTick_Handler                          0x0000010f   Thumb Code     2  startup_arm_nrf51.o(.text)
    ADC_IRQHandler                           0x00000111   Thumb Code     0  startup_arm_nrf51.o(.text)
    CCM_AAR_IRQHandler                       0x00000111   Thumb Code     0  startup_arm_nrf51.o(.text)
    ECB_IRQHandler                           0x00000111   Thumb Code     0  startup_arm_nrf51.o(.text)
    GPIOTE_IRQHandler                        0x00000111   Thumb Code     0  startup_arm_nrf51.o(.text)
    POWER_CLOCK_IRQHandler                   0x00000111   Thumb Code     0  startup_arm_nrf51.o(.text)
    QDEC_IRQHandler                          0x00000111   Thumb Code     0  startup_arm_nrf51.o(.text)
    RADIO_IRQHandler                         0x00000111   Thumb Code     0  startup_arm_nrf51.o(.text)
    RNG_IRQHandler                           0x00000111   Thumb Code     0  startup_arm_nrf51.o(.text)
    RTC0_IRQHandler                          0x00000111   Thumb Code     0  startup_arm_nrf51.o(.text)
    RTC1_IRQHandler                          0x00000111   Thumb Code     0  startup_arm_nrf51.o(.text)
    SPI0_TWI0_IRQHandler                     0x00000111   Thumb Code     0  startup_arm_nrf51.o(.text)
    SPI1_TWI1_IRQHandler                     0x00000111   Thumb Code     0  startup_arm_nrf51.o(.text)
    SWI0_IRQHandler                          0x00000111   Thumb Code     0  startup_arm_nrf51.o(.text)
    SWI1_IRQHandler                          0x00000111   Thumb Code     0  startup_arm_nrf51.o(.text)
    SWI2_IRQHandler                          0x00000111   Thumb Code     0  startup_arm_nrf51.o(.text)
    SWI3_IRQHandler                          0x00000111   Thumb Code     0  startup_arm_nrf51.o(.text)
    SWI4_IRQHandler                          0x00000111   Thumb Code     0  startup_arm_nrf51.o(.text)
    SWI5_IRQHandler                          0x00000111   Thumb Code     0  startup_arm_nrf51.o(.text)
    TEMP_IRQHandler                          0x00000111   Thumb Code     0  startup_arm_nrf51.o(.text)
    TIMER0_IRQHandler                        0x00000111   Thumb Code     0  startup_arm_nrf51.o(.text)
    TIMER1_IRQHandler                        0x00000111   Thumb Code     0  startup_arm_nrf51.o(.text)
    TIMER2_IRQHandler                        0x00000111   Thumb Code     0  startup_arm_nrf51.o(.text)
    UART0_IRQHandler                         0x00000111   Thumb Code     0  startup_arm_nrf51.o(.text)
    WDT_IRQHandler                           0x00000111   Thumb Code     0  startup_arm_nrf51.o(.text)
    WUCOMP_COMP_IRQHandler                   0x00000111   Thumb Code     0  startup_arm_nrf51.o(.text)
    __scatterload                            0x00000121   Thumb Code    28  init.o(.text)
    __scatterload_rt2                        0x00000121   Thumb Code     0  init.o(.text)
    SystemInit                               0x00000145   Thumb Code    26  system_nrf51.o(i.SystemInit)
    main                                     0x00000171   Thumb Code    92  main.o(i.main)
    nrf_delay_ms                             0x000001d1   Thumb Code    20  nrf_delay.o(i.nrf_delay_ms)
    spi_master_init                          0x00000221   Thumb Code   248  spi_master.o(i.spi_master_init)
    spi_master_tx_rx                         0x00000321   Thumb Code   134  spi_master.o(i.spi_master_tx_rx)
    Region$$Table$$Base                      0x00000424   Number         0  anon$$obj.o(Region$$Table)
    Region$$Table$$Limit                     0x00000424   Number         0  anon$$obj.o(Region$$Table)
    __initial_sp                             0x200008c8   Data           0  startup_arm_nrf51.o(STACK)



==============================================================================

Memory Map of the image

  Image Entry point : 0x000000c1

  Load Region LR_IROM1 (Base: 0x00000000, Size: 0x00000424, Max: 0x00040000, ABSOLUTE)

    Execution Region ER_IROM1 (Base: 0x00000000, Size: 0x00000424, Max: 0x00040000, ABSOLUTE)

    Base Addr    Size         Type   Attr      Idx    E Section Name        Object

    0x00000000   0x000000c0   Data   RO           83    RESET               startup_arm_nrf51.o
    0x000000c0   0x00000000   Code   RO          198  * .ARM.Collect$$$$00000000  mc_p.l(entry.o)
    0x000000c0   0x00000004   Code   RO          201    .ARM.Collect$$$$00000001  mc_p.l(entry2.o)
    0x000000c4   0x00000004   Code   RO          204    .ARM.Collect$$$$00000004  mc_p.l(entry5.o)
    0x000000c8   0x00000000   Code   RO          206    .ARM.Collect$$$$00000008  mc_p.l(entry7b.o)
    0x000000c8   0x00000008   Code   RO          207    .ARM.Collect$$$$00000009  mc_p.l(entry8.o)
    0x000000d0   0x00000004   Code   RO          202    .ARM.Collect$$$$00002712  mc_p.l(entry2.o)
    0x000000d4   0x0000001e   Code   RO          176    .emb_text           nrf_delay.o
    0x000000f2   0x00000002   PAD
    0x000000f4   0x0000002c   Code   RO           84    .text               startup_arm_nrf51.o
    0x00000120   0x00000024   Code   RO          208    .text               mc_p.l(init.o)
    0x00000144   0x0000002c   Code   RO           91    i.SystemInit        system_nrf51.o
    0x00000170   0x00000060   Code   RO            4    i.main              main.o
    0x000001d0   0x00000018   Code   RO          177    i.nrf_delay_ms      nrf_delay.o
    0x000001e8   0x00000014   Code   RO          129    i.nrf_gpio_cfg_input  spi_master.o
    0x000001fc   0x00000012   Code   RO          130    i.nrf_gpio_cfg_output  spi_master.o
    0x0000020e   0x00000002   PAD
    0x00000210   0x00000010   Code   RO          131    i.nrf_gpio_pin_set  spi_master.o
    0x00000220   0x00000100   Code   RO          132    i.spi_master_init   spi_master.o
    0x00000320   0x00000090   Code   RO          133    i.spi_master_tx_rx  spi_master.o
    0x000003b0   0x00000074   Code   RO            5    i.test_spi_tx_rx    main.o
    0x00000424   0x00000000   Data   RO          210    Region$$Table       anon$$obj.o


    Execution Region RW_IRAM1 (Base: 0x20000000, Size: 0x000008c8, Max: 0x00004000, ABSOLUTE, UNINIT)

    Base Addr    Size         Type   Attr      Idx    E Section Name        Object

    0x20000000   0x000000c8   Zero   RW            6    .bss                main.o
    0x200000c8   0x00000800   Zero   RW           81    STACK               startup_arm_nrf51.o


==============================================================================

Image component sizes


      Code (inc. data)   RO Data    RW Data    ZI Data      Debug   Object Name

       212         14          0          0        200      21779   main.o
        54          4          0          0          0       1375   nrf_delay.o
       454         24          0          0          0       5661   spi_master.o
        44         14        192          0       2048        676   startup_arm_nrf51.o
        44         18          0          0          0        477   system_nrf51.o

    ----------------------------------------------------------------------
       812         74        192          0       2248      29968   Object Totals
         0          0          0          0          0          0   (incl. Generated)
         4          0          0          0          0          0   (incl. Padding)

    ----------------------------------------------------------------------

      Code (inc. data)   RO Data    RW Data    ZI Data      Debug   Library Member Name

         0          0          0          0          0          0   entry.o
         8          4          0          0          0          0   entry2.o
         4          0          0          0          0          0   entry5.o
         0          0          0          0          0          0   entry7b.o
         8          4          0          0          0          0   entry8.o
        36          8          0          0          0         68   init.o

    ----------------------------------------------------------------------
        56         16          0          0          0         68   Library Totals
         0          0          0          0          0          0   (incl. Padding)

    ----------------------------------------------------------------------

      Code (inc. data)   RO Data    RW Data    ZI Data      Debug   Library Name

        56         16          0          0          0         68   mc_p.l

    ----------------------------------------------------------------------
        56         16          0          0          0         68   Library Totals

    ----------------------------------------------------------------------

==============================================================================


      Code (inc. data)   RO Data    RW Data    ZI Data      Debug   

       868         90        192          0       2248      29624   Grand Totals
       868         90        192          0       2248      29624   ELF Image Totals
       868         90        192          0          0          0   ROM Totals

==============================================================================

    Total RO  Size (Code + RO Data)                 1060 (   1.04kB)
    Total RW  Size (RW Data + ZI Data)              2248 (   2.20kB)
    Total ROM Size (Code + RO Data + RW Data)       1060 (   1.04kB)

==============================================================================

