<html>
<body>
<pre>
<h1>µVision Build Log</h1>
<h2>Project:</h2>
C:\Users\Peter\Documents\MS Research\Firmware Files\nordic_library\nrf51822\Board\nrf6310\spi_master_example\arm\spi_master_example.uvproj
Project File Date:  03/17/2013

<h2>Output:</h2>
 
*** Rebuild Pass #1 with Cross-Module Feedback - 'Clean' invoked.
Clean started: Project: 'spi_master_example'
   deleting intermediate output files for target 'nRF51822'
Build target 'nRF51822'
compiling main.c...
..\main.c(119): warning:  #177-D: variable "ret1" was declared but never referenced
assembling startup_arm_nrf51.s...
compiling system_nrf51.c...
compiling spi_master.c...
compiling nrf_delay.c...
linking...
Program Size: Code=868 RO-data=192 RW-data=0 ZI-data=2248  
".\_build\spi_master_example_arm.axf" - 0 Error(s), 1 Warning(s).
 
*** Rebuild Pass #2 with Cross-Module Feedback invoked.
Rebuild target 'nRF51822'
compiling main.c...
..\main.c(119): warning:  #177-D: variable "ret1" was declared but never referenced
assembling startup_arm_nrf51.s...
compiling system_nrf51.c...
compiling spi_master.c...
compiling nrf_delay.c...
linking...
Program Size: Code=868 RO-data=192 RW-data=0 ZI-data=2248  
FromELF: creating hex file...
".\_build\spi_master_example_arm.axf" - 0 Error(s), 1 Warning(s).
Load "C:\\Users\\Peter\\Documents\\MS Research\\Firmware Files\\nordic_library\\nrf51822\\Board\\nrf6310\\spi_master_example\\arm\\_build\\spi_master_example_arm.AXF" 
Set JLink Project File to "C:\Users\Peter\Documents\MS Research\Firmware Files\nordic_library\nrf51822\Board\nrf6310\spi_master_example\arm\JLinkSettings.ini"
* JLink Info: Device "NRF51822" selected (256 KB flash, 8 KB RAM).
 
JLink info:
------------
DLL: V4.64a, compiled Feb 25 2013 18:26:59
Firmware: J-Link Lite-Cortex-M V8 compiled Aug 29 2012 15:24:23
Hardware: V8.00
S/N : 518003257 
Feature(s) : GDB 
 
* JLink Info: Found SWD-DP with ID 0x0BB11477
* JLink Info: FPUnit: 4 code (BP) slots and 0 literal slots
* JLink Info: Found Cortex-M0 r0p0, Little endian.
ROMTableAddr = 0xE00FF003
 
Target info:
------------
Device: nRF51
VTarget = 3.287V
State of Pins: 
TCK: 0, TDI: 0, TDO: 1, TMS: 1, TRES: 1, TRST: 1
Hardware-Breakpoints: 4
Software-Breakpoints: 8192
Watchpoints:          2
JTAG speed: 2000 kHz
 
Erase Done.
Programming Done.
Verify OK.
Application running ...
