ARM Linker, 5.03 [Build 24] [MDK-ARM Lite]

==============================================================================

Section Cross References

    main.o(i.main) refers to simple_uart.o(i.simple_uart_config) for simple_uart_config
    main.o(i.main) refers to spi_master.o(i.spi_master_init) for spi_master_init
    main.o(i.main) refers to main.o(i.nrf_gpio_cfg_output) for nrf_gpio_cfg_output
    main.o(i.main) refers to simple_uart.o(i.simple_uart_get) for simple_uart_get
    main.o(i.main) refers to simple_uart.o(i.simple_uart_put) for simple_uart_put
    main.o(i.main) refers to spi_master.o(i.spi_master_tx_rx) for spi_master_tx_rx
    main.o(i.main) refers to main.o(i.nrf_gpio_pin_read) for nrf_gpio_pin_read
    main.o(i.main) refers to main.o(.bss) for tx_data
    arm_startup_nrf51.o(RESET) refers to arm_startup_nrf51.o(STACK) for __initial_sp
    arm_startup_nrf51.o(RESET) refers to arm_startup_nrf51.o(.text) for Reset_Handler
    arm_startup_nrf51.o(.text) refers to system_nrf51.o(i.SystemInit) for SystemInit
    arm_startup_nrf51.o(.text) refers to entry.o(.ARM.Collect$$$$00000000) for __main
    system_nrf51.o(i.SystemCoreClockUpdate) refers to system_nrf51.o(.data) for SystemCoreClock
    spi_master.o(i.spi_master_init) refers to spi_master.o(i.nrf_gpio_cfg_output) for nrf_gpio_cfg_output
    spi_master.o(i.spi_master_init) refers to spi_master.o(i.nrf_gpio_pin_set) for nrf_gpio_pin_set
    spi_master.o(i.spi_master_rx) refers to spi_master.o(i.nrf_gpio_pin_clear) for nrf_gpio_pin_clear
    spi_master.o(i.spi_master_rx) refers to spi_master.o(i.nrf_gpio_pin_set) for nrf_gpio_pin_set
    spi_master.o(i.spi_master_tx) refers to spi_master.o(i.nrf_gpio_pin_clear) for nrf_gpio_pin_clear
    spi_master.o(i.spi_master_tx) refers to spi_master.o(i.nrf_gpio_pin_set) for nrf_gpio_pin_set
    spi_master.o(i.spi_master_tx_rx) refers to spi_master.o(i.nrf_gpio_pin_clear) for nrf_gpio_pin_clear
    spi_master.o(i.spi_master_tx_rx) refers to spi_master.o(i.nrf_gpio_pin_set) for nrf_gpio_pin_set
    nrf_delay.o(i.nrf_delay_ms) refers to nrf_delay.o(.emb_text) for __asm___11_nrf_delay_c_532987f3__nrf_delay_us
    simple_uart.o(i.simple_uart_config) refers to simple_uart.o(i.nrf_gpio_cfg_output) for nrf_gpio_cfg_output
    simple_uart.o(i.simple_uart_config) refers to simple_uart.o(i.nrf_gpio_cfg_input) for nrf_gpio_cfg_input
    simple_uart.o(i.simple_uart_get_with_timeout) refers to simple_uart.o(.emb_text) for __asm___13_simple_uart_c_5dda6715__nrf_delay_us
    simple_uart.o(i.simple_uart_putstring) refers to simple_uart.o(i.simple_uart_put) for simple_uart_put
    entry.o(.ARM.Collect$$$$00000000) refers (Special) to entry10a.o(.ARM.Collect$$$$0000000D) for __rt_final_cpp
    entry.o(.ARM.Collect$$$$00000000) refers (Special) to entry11a.o(.ARM.Collect$$$$0000000F) for __rt_final_exit
    entry.o(.ARM.Collect$$$$00000000) refers (Special) to entry7b.o(.ARM.Collect$$$$00000008) for _main_clock
    entry.o(.ARM.Collect$$$$00000000) refers (Special) to entry8b.o(.ARM.Collect$$$$0000000A) for _main_cpp_init
    entry.o(.ARM.Collect$$$$00000000) refers (Special) to entry9a.o(.ARM.Collect$$$$0000000B) for _main_init
    entry.o(.ARM.Collect$$$$00000000) refers (Special) to entry5.o(.ARM.Collect$$$$00000004) for _main_scatterload
    entry.o(.ARM.Collect$$$$00000000) refers (Special) to entry2.o(.ARM.Collect$$$$00000001) for _main_stk
    entry2.o(.ARM.Collect$$$$00000001) refers to entry2.o(.ARM.Collect$$$$00002712) for __lit__00000000
    entry2.o(.ARM.Collect$$$$00002712) refers to arm_startup_nrf51.o(STACK) for __initial_sp
    entry2.o(__vectab_stack_and_reset_area) refers to arm_startup_nrf51.o(STACK) for __initial_sp
    entry2.o(__vectab_stack_and_reset_area) refers to entry.o(.ARM.Collect$$$$00000000) for __main
    entry5.o(.ARM.Collect$$$$00000004) refers to init.o(.text) for __scatterload
    entry9a.o(.ARM.Collect$$$$0000000B) refers to main.o(i.main) for main
    entry9b.o(.ARM.Collect$$$$0000000C) refers to main.o(i.main) for main
    init.o(.text) refers to entry5.o(.ARM.Collect$$$$00000004) for __main_after_scatterload


==============================================================================

Removing Unused input sections from the image.

    Removing main.o(.rev16_text), (4 bytes).
    Removing main.o(.revsh_text), (4 bytes).
    Removing main.o(.emb_text), (30 bytes).
    Removing arm_startup_nrf51.o(HEAP), (2048 bytes).
    Removing system_nrf51.o(.rev16_text), (4 bytes).
    Removing system_nrf51.o(.revsh_text), (4 bytes).
    Removing system_nrf51.o(i.SystemCoreClockUpdate), (16 bytes).
    Removing system_nrf51.o(.data), (4 bytes).
    Removing spi_master.o(.rev16_text), (4 bytes).
    Removing spi_master.o(.revsh_text), (4 bytes).
    Removing spi_master.o(.emb_text), (30 bytes).
    Removing spi_master.o(i.spi_master_rx), (104 bytes).
    Removing spi_master.o(i.spi_master_tx), (118 bytes).
    Removing nrf_delay.o(.rev16_text), (4 bytes).
    Removing nrf_delay.o(.revsh_text), (4 bytes).
    Removing nrf_delay.o(.emb_text), (30 bytes).
    Removing nrf_delay.o(i.nrf_delay_ms), (28 bytes).
    Removing simple_uart.o(.rev16_text), (4 bytes).
    Removing simple_uart.o(.revsh_text), (4 bytes).
    Removing simple_uart.o(.emb_text), (30 bytes).
    Removing simple_uart.o(i.simple_uart_get_with_timeout), (72 bytes).
    Removing simple_uart.o(i.simple_uart_putstring), (32 bytes).

22 unused section(s) (total 2582 bytes) removed from the image.

==============================================================================

Image Symbol Table

    Local Symbols

    Symbol Name                              Value     Ov Type        Size  Object(Section)

    RESET                                    0x00000000   Section      192  arm_startup_nrf51.o(RESET)
    ../clib/microlib/init/entry.s            0x00000000   Number         0  entry7a.o ABSOLUTE
    ../clib/microlib/init/entry.s            0x00000000   Number         0  entry10a.o ABSOLUTE
    ../clib/microlib/init/entry.s            0x00000000   Number         0  entry9b.o ABSOLUTE
    ../clib/microlib/init/entry.s            0x00000000   Number         0  entry9a.o ABSOLUTE
    ../clib/microlib/init/entry.s            0x00000000   Number         0  entry11a.o ABSOLUTE
    ../clib/microlib/init/entry.s            0x00000000   Number         0  entry8b.o ABSOLUTE
    ../clib/microlib/init/entry.s            0x00000000   Number         0  entry8a.o ABSOLUTE
    ../clib/microlib/init/entry.s            0x00000000   Number         0  entry2.o ABSOLUTE
    ../clib/microlib/init/entry.s            0x00000000   Number         0  entry5.o ABSOLUTE
    ../clib/microlib/init/entry.s            0x00000000   Number         0  entry7b.o ABSOLUTE
    ../clib/microlib/init/entry.s            0x00000000   Number         0  entry.o ABSOLUTE
    ../clib/microlib/init/entry.s            0x00000000   Number         0  entry10b.o ABSOLUTE
    ../clib/microlib/init/entry.s            0x00000000   Number         0  entry11b.o ABSOLUTE
    ..\..\nordic_library\nrf51822\Source\nrf_delay\nrf_delay.c 0x00000000   Number         0  nrf_delay.o ABSOLUTE
    ..\..\nordic_library\nrf51822\Source\simple_uart\simple_uart.c 0x00000000   Number         0  simple_uart.o ABSOLUTE
    ..\..\nordic_library\nrf51822\Source\spi_master\spi_master.c 0x00000000   Number         0  spi_master.o ABSOLUTE
    ..\..\nordic_library\nrf51822\Source\templates\arm\arm_startup_nrf51.s 0x00000000   Number         0  arm_startup_nrf51.o ABSOLUTE
    ..\..\nordic_library\nrf51822\Source\templates\system_nrf51.c 0x00000000   Number         0  system_nrf51.o ABSOLUTE
    ..\\..\\nordic_library\\nrf51822\\Source\\nrf_delay\\nrf_delay.c 0x00000000   Number         0  nrf_delay.o ABSOLUTE
    ..\\..\\nordic_library\\nrf51822\\Source\\simple_uart\\simple_uart.c 0x00000000   Number         0  simple_uart.o ABSOLUTE
    ..\\..\\nordic_library\\nrf51822\\Source\\spi_master\\spi_master.c 0x00000000   Number         0  spi_master.o ABSOLUTE
    ..\\..\\nordic_library\\nrf51822\\Source\\templates\\system_nrf51.c 0x00000000   Number         0  system_nrf51.o ABSOLUTE
    ..\\source\\main.c                       0x00000000   Number         0  main.o ABSOLUTE
    ..\source\main.c                         0x00000000   Number         0  main.o ABSOLUTE
    dc.s                                     0x00000000   Number         0  dc.o ABSOLUTE
    handlers.s                               0x00000000   Number         0  handlers.o ABSOLUTE
    init.s                                   0x00000000   Number         0  init.o ABSOLUTE
    .ARM.Collect$$$$00000000                 0x000000c0   Section        0  entry.o(.ARM.Collect$$$$00000000)
    .ARM.Collect$$$$00000001                 0x000000c0   Section        4  entry2.o(.ARM.Collect$$$$00000001)
    .ARM.Collect$$$$00000004                 0x000000c4   Section        4  entry5.o(.ARM.Collect$$$$00000004)
    .ARM.Collect$$$$00000008                 0x000000c8   Section        0  entry7b.o(.ARM.Collect$$$$00000008)
    .ARM.Collect$$$$0000000A                 0x000000c8   Section        0  entry8b.o(.ARM.Collect$$$$0000000A)
    .ARM.Collect$$$$0000000B                 0x000000c8   Section        8  entry9a.o(.ARM.Collect$$$$0000000B)
    .ARM.Collect$$$$0000000D                 0x000000d0   Section        0  entry10a.o(.ARM.Collect$$$$0000000D)
    .ARM.Collect$$$$0000000F                 0x000000d0   Section        0  entry11a.o(.ARM.Collect$$$$0000000F)
    .ARM.Collect$$$$00002712                 0x000000d0   Section        4  entry2.o(.ARM.Collect$$$$00002712)
    __lit__00000000                          0x000000d0   Data           4  entry2.o(.ARM.Collect$$$$00002712)
    .text                                    0x000000d4   Section       44  arm_startup_nrf51.o(.text)
    .text                                    0x00000100   Section       36  init.o(.text)
    i.SystemInit                             0x00000124   Section        0  system_nrf51.o(i.SystemInit)
    i.__scatterload_copy                     0x00000150   Section       14  handlers.o(i.__scatterload_copy)
    i.__scatterload_null                     0x0000015e   Section        2  handlers.o(i.__scatterload_null)
    i.__scatterload_zeroinit                 0x00000160   Section       14  handlers.o(i.__scatterload_zeroinit)
    i.main                                   0x00000170   Section        0  main.o(i.main)
    i.nrf_gpio_cfg_input                     0x00000264   Section        0  simple_uart.o(i.nrf_gpio_cfg_input)
    nrf_gpio_cfg_input                       0x00000265   Thumb Code    20  simple_uart.o(i.nrf_gpio_cfg_input)
    i.nrf_gpio_cfg_output                    0x00000278   Section        0  main.o(i.nrf_gpio_cfg_output)
    nrf_gpio_cfg_output                      0x00000279   Thumb Code    18  main.o(i.nrf_gpio_cfg_output)
    i.nrf_gpio_cfg_output                    0x0000028a   Section        0  spi_master.o(i.nrf_gpio_cfg_output)
    nrf_gpio_cfg_output                      0x0000028b   Thumb Code    18  spi_master.o(i.nrf_gpio_cfg_output)
    i.nrf_gpio_cfg_output                    0x0000029c   Section        0  simple_uart.o(i.nrf_gpio_cfg_output)
    nrf_gpio_cfg_output                      0x0000029d   Thumb Code    18  simple_uart.o(i.nrf_gpio_cfg_output)
    i.nrf_gpio_pin_clear                     0x000002b0   Section        0  spi_master.o(i.nrf_gpio_pin_clear)
    nrf_gpio_pin_clear                       0x000002b1   Thumb Code    10  spi_master.o(i.nrf_gpio_pin_clear)
    i.nrf_gpio_pin_read                      0x000002c0   Section        0  main.o(i.nrf_gpio_pin_read)
    nrf_gpio_pin_read                        0x000002c1   Thumb Code    14  main.o(i.nrf_gpio_pin_read)
    i.nrf_gpio_pin_set                       0x000002d4   Section        0  spi_master.o(i.nrf_gpio_pin_set)
    nrf_gpio_pin_set                         0x000002d5   Thumb Code    10  spi_master.o(i.nrf_gpio_pin_set)
    i.simple_uart_config                     0x000002e4   Section        0  simple_uart.o(i.simple_uart_config)
    i.simple_uart_get                        0x00000350   Section        0  simple_uart.o(i.simple_uart_get)
    i.simple_uart_put                        0x00000370   Section        0  simple_uart.o(i.simple_uart_put)
    i.spi_master_init                        0x00000390   Section        0  spi_master.o(i.spi_master_init)
    i.spi_master_tx_rx                       0x0000045c   Section        0  spi_master.o(i.spi_master_tx_rx)
    .bss                                     0x20000000   Section     1024  main.o(.bss)
    tx_data                                  0x20000000   Data         512  main.o(.bss)
    rx_data                                  0x20000200   Data         512  main.o(.bss)
    STACK                                    0x20000400   Section     2048  arm_startup_nrf51.o(STACK)

    Global Symbols

    Symbol Name                              Value     Ov Type        Size  Object(Section)

    BuildAttributes$$THM_ISAv3M$S$PE$A:L22$X:L11$S22$IEEE1$IW$USESV6$~STKCKD$USESV7$~SHL$OSPACE$EBA8$MICROLIB$REQ8$PRES8$EABIv2 0x00000000   Number         0  anon$$obj.o ABSOLUTE
    __ARM_use_no_argv                        0x00000000   Number         0  main.o ABSOLUTE
    __Vectors                                0x00000000   Data           4  arm_startup_nrf51.o(RESET)
    __cpp_initialize__aeabi_                  - Undefined Weak Reference
    __cxa_finalize                            - Undefined Weak Reference
    __decompress                              - Undefined Weak Reference
    _clock_init                               - Undefined Weak Reference
    _microlib_exit                            - Undefined Weak Reference
    __Vectors_End                            0x000000c0   Data           0  arm_startup_nrf51.o(RESET)
    __Vectors_Size                           0x000000c0   Number         0  arm_startup_nrf51.o ABSOLUTE
    __main                                   0x000000c1   Thumb Code     0  entry.o(.ARM.Collect$$$$00000000)
    _main_stk                                0x000000c1   Thumb Code     0  entry2.o(.ARM.Collect$$$$00000001)
    _main_scatterload                        0x000000c5   Thumb Code     0  entry5.o(.ARM.Collect$$$$00000004)
    __main_after_scatterload                 0x000000c9   Thumb Code     0  entry5.o(.ARM.Collect$$$$00000004)
    _main_clock                              0x000000c9   Thumb Code     0  entry7b.o(.ARM.Collect$$$$00000008)
    _main_cpp_init                           0x000000c9   Thumb Code     0  entry8b.o(.ARM.Collect$$$$0000000A)
    _main_init                               0x000000c9   Thumb Code     0  entry9a.o(.ARM.Collect$$$$0000000B)
    __rt_final_cpp                           0x000000d1   Thumb Code     0  entry10a.o(.ARM.Collect$$$$0000000D)
    __rt_final_exit                          0x000000d1   Thumb Code     0  entry11a.o(.ARM.Collect$$$$0000000F)
    Reset_Handler                            0x000000d5   Thumb Code    18  arm_startup_nrf51.o(.text)
    NMI_Handler                              0x000000e7   Thumb Code     2  arm_startup_nrf51.o(.text)
    HardFault_Handler                        0x000000e9   Thumb Code     2  arm_startup_nrf51.o(.text)
    SVC_Handler                              0x000000eb   Thumb Code     2  arm_startup_nrf51.o(.text)
    PendSV_Handler                           0x000000ed   Thumb Code     2  arm_startup_nrf51.o(.text)
    SysTick_Handler                          0x000000ef   Thumb Code     2  arm_startup_nrf51.o(.text)
    ADC_IRQHandler                           0x000000f1   Thumb Code     0  arm_startup_nrf51.o(.text)
    CCM_AAR_IRQHandler                       0x000000f1   Thumb Code     0  arm_startup_nrf51.o(.text)
    ECB_IRQHandler                           0x000000f1   Thumb Code     0  arm_startup_nrf51.o(.text)
    GPIOTE_IRQHandler                        0x000000f1   Thumb Code     0  arm_startup_nrf51.o(.text)
    POWER_CLOCK_IRQHandler                   0x000000f1   Thumb Code     0  arm_startup_nrf51.o(.text)
    QDEC_IRQHandler                          0x000000f1   Thumb Code     0  arm_startup_nrf51.o(.text)
    RADIO_IRQHandler                         0x000000f1   Thumb Code     0  arm_startup_nrf51.o(.text)
    RNG_IRQHandler                           0x000000f1   Thumb Code     0  arm_startup_nrf51.o(.text)
    RTC0_IRQHandler                          0x000000f1   Thumb Code     0  arm_startup_nrf51.o(.text)
    RTC1_IRQHandler                          0x000000f1   Thumb Code     0  arm_startup_nrf51.o(.text)
    SPI0_TWI0_IRQHandler                     0x000000f1   Thumb Code     0  arm_startup_nrf51.o(.text)
    SPI1_TWI1_IRQHandler                     0x000000f1   Thumb Code     0  arm_startup_nrf51.o(.text)
    SWI0_IRQHandler                          0x000000f1   Thumb Code     0  arm_startup_nrf51.o(.text)
    SWI1_IRQHandler                          0x000000f1   Thumb Code     0  arm_startup_nrf51.o(.text)
    SWI2_IRQHandler                          0x000000f1   Thumb Code     0  arm_startup_nrf51.o(.text)
    SWI3_IRQHandler                          0x000000f1   Thumb Code     0  arm_startup_nrf51.o(.text)
    SWI4_IRQHandler                          0x000000f1   Thumb Code     0  arm_startup_nrf51.o(.text)
    SWI5_IRQHandler                          0x000000f1   Thumb Code     0  arm_startup_nrf51.o(.text)
    TEMP_IRQHandler                          0x000000f1   Thumb Code     0  arm_startup_nrf51.o(.text)
    TIMER0_IRQHandler                        0x000000f1   Thumb Code     0  arm_startup_nrf51.o(.text)
    TIMER1_IRQHandler                        0x000000f1   Thumb Code     0  arm_startup_nrf51.o(.text)
    TIMER2_IRQHandler                        0x000000f1   Thumb Code     0  arm_startup_nrf51.o(.text)
    UART0_IRQHandler                         0x000000f1   Thumb Code     0  arm_startup_nrf51.o(.text)
    WDT_IRQHandler                           0x000000f1   Thumb Code     0  arm_startup_nrf51.o(.text)
    WUCOMP_COMP_IRQHandler                   0x000000f1   Thumb Code     0  arm_startup_nrf51.o(.text)
    __scatterload                            0x00000101   Thumb Code    28  init.o(.text)
    __scatterload_rt2                        0x00000101   Thumb Code     0  init.o(.text)
    SystemInit                               0x00000125   Thumb Code    26  system_nrf51.o(i.SystemInit)
    __scatterload_copy                       0x00000151   Thumb Code    14  handlers.o(i.__scatterload_copy)
    __scatterload_null                       0x0000015f   Thumb Code     2  handlers.o(i.__scatterload_null)
    __scatterload_zeroinit                   0x00000161   Thumb Code    14  handlers.o(i.__scatterload_zeroinit)
    main                                     0x00000171   Thumb Code   234  main.o(i.main)
    simple_uart_config                       0x000002e5   Thumb Code    90  simple_uart.o(i.simple_uart_config)
    simple_uart_get                          0x00000351   Thumb Code    24  simple_uart.o(i.simple_uart_get)
    simple_uart_put                          0x00000371   Thumb Code    22  simple_uart.o(i.simple_uart_put)
    spi_master_init                          0x00000391   Thumb Code   196  spi_master.o(i.spi_master_init)
    spi_master_tx_rx                         0x0000045d   Thumb Code   120  spi_master.o(i.spi_master_tx_rx)
    Region$$Table$$Base                      0x000004d4   Number         0  anon$$obj.o(Region$$Table)
    Region$$Table$$Limit                     0x000004e4   Number         0  anon$$obj.o(Region$$Table)
    __initial_sp                             0x20000c00   Data           0  arm_startup_nrf51.o(STACK)



==============================================================================

Memory Map of the image

  Image Entry point : 0x000000c1

  Load Region LR_IROM1 (Base: 0x00000000, Size: 0x000004e4, Max: 0x00040000, ABSOLUTE)

    Execution Region ER_IROM1 (Base: 0x00000000, Size: 0x000004e4, Max: 0x00040000, ABSOLUTE)

    Base Addr    Size         Type   Attr      Idx    E Section Name        Object

    0x00000000   0x000000c0   Data   RO           97    RESET               arm_startup_nrf51.o
    0x000000c0   0x00000000   Code   RO          282  * .ARM.Collect$$$$00000000  mc_p.l(entry.o)
    0x000000c0   0x00000004   Code   RO          285    .ARM.Collect$$$$00000001  mc_p.l(entry2.o)
    0x000000c4   0x00000004   Code   RO          288    .ARM.Collect$$$$00000004  mc_p.l(entry5.o)
    0x000000c8   0x00000000   Code   RO          290    .ARM.Collect$$$$00000008  mc_p.l(entry7b.o)
    0x000000c8   0x00000000   Code   RO          292    .ARM.Collect$$$$0000000A  mc_p.l(entry8b.o)
    0x000000c8   0x00000008   Code   RO          293    .ARM.Collect$$$$0000000B  mc_p.l(entry9a.o)
    0x000000d0   0x00000000   Code   RO          295    .ARM.Collect$$$$0000000D  mc_p.l(entry10a.o)
    0x000000d0   0x00000000   Code   RO          297    .ARM.Collect$$$$0000000F  mc_p.l(entry11a.o)
    0x000000d0   0x00000004   Code   RO          286    .ARM.Collect$$$$00002712  mc_p.l(entry2.o)
    0x000000d4   0x0000002c   Code   RO           98    .text               arm_startup_nrf51.o
    0x00000100   0x00000024   Code   RO          299    .text               mc_p.l(init.o)
    0x00000124   0x0000002c   Code   RO          105    i.SystemInit        system_nrf51.o
    0x00000150   0x0000000e   Code   RO          303    i.__scatterload_copy  mc_p.l(handlers.o)
    0x0000015e   0x00000002   Code   RO          304    i.__scatterload_null  mc_p.l(handlers.o)
    0x00000160   0x0000000e   Code   RO          305    i.__scatterload_zeroinit  mc_p.l(handlers.o)
    0x0000016e   0x00000002   PAD
    0x00000170   0x000000f4   Code   RO            4    i.main              main.o
    0x00000264   0x00000014   Code   RO          221    i.nrf_gpio_cfg_input  simple_uart.o
    0x00000278   0x00000012   Code   RO            5    i.nrf_gpio_cfg_output  main.o
    0x0000028a   0x00000012   Code   RO          137    i.nrf_gpio_cfg_output  spi_master.o
    0x0000029c   0x00000012   Code   RO          222    i.nrf_gpio_cfg_output  simple_uart.o
    0x000002ae   0x00000002   PAD
    0x000002b0   0x00000010   Code   RO          138    i.nrf_gpio_pin_clear  spi_master.o
    0x000002c0   0x00000014   Code   RO            6    i.nrf_gpio_pin_read  main.o
    0x000002d4   0x00000010   Code   RO          139    i.nrf_gpio_pin_set  spi_master.o
    0x000002e4   0x0000006c   Code   RO          223    i.simple_uart_config  simple_uart.o
    0x00000350   0x00000020   Code   RO          224    i.simple_uart_get   simple_uart.o
    0x00000370   0x00000020   Code   RO          226    i.simple_uart_put   simple_uart.o
    0x00000390   0x000000cc   Code   RO          140    i.spi_master_init   spi_master.o
    0x0000045c   0x00000078   Code   RO          143    i.spi_master_tx_rx  spi_master.o
    0x000004d4   0x00000010   Data   RO          301    Region$$Table       anon$$obj.o


    Execution Region RW_IRAM1 (Base: 0x20000000, Size: 0x00000c00, Max: 0x00004000, ABSOLUTE)

    Base Addr    Size         Type   Attr      Idx    E Section Name        Object

    0x20000000   0x00000400   Zero   RW            7    .bss                main.o
    0x20000400   0x00000800   Zero   RW           95    STACK               arm_startup_nrf51.o


==============================================================================

Image component sizes


      Code (inc. data)   RO Data    RW Data    ZI Data      Debug   Object Name

        44         14        192          0       2048        636   arm_startup_nrf51.o
       282         16          0          0       1024      23967   main.o
       210         36          0          0          0       4325   simple_uart.o
       374         20          0          0          0       5313   spi_master.o
        44         18          0          0          0        437   system_nrf51.o

    ----------------------------------------------------------------------
       956        104        208          0       3072      34678   Object Totals
         0          0         16          0          0          0   (incl. Generated)
         2          0          0          0          0          0   (incl. Padding)

    ----------------------------------------------------------------------

      Code (inc. data)   RO Data    RW Data    ZI Data      Debug   Library Member Name

         0          0          0          0          0          0   entry.o
         0          0          0          0          0          0   entry10a.o
         0          0          0          0          0          0   entry11a.o
         8          4          0          0          0          0   entry2.o
         4          0          0          0          0          0   entry5.o
         0          0          0          0          0          0   entry7b.o
         0          0          0          0          0          0   entry8b.o
         8          4          0          0          0          0   entry9a.o
        30          0          0          0          0          0   handlers.o
        36          8          0          0          0         68   init.o

    ----------------------------------------------------------------------
        88         16          0          0          0         68   Library Totals
         2          0          0          0          0          0   (incl. Padding)

    ----------------------------------------------------------------------

      Code (inc. data)   RO Data    RW Data    ZI Data      Debug   Library Name

        86         16          0          0          0         68   mc_p.l

    ----------------------------------------------------------------------
        88         16          0          0          0         68   Library Totals

    ----------------------------------------------------------------------

==============================================================================


      Code (inc. data)   RO Data    RW Data    ZI Data      Debug   

      1044        120        208          0       3072      34210   Grand Totals
      1044        120        208          0       3072      34210   ELF Image Totals
      1044        120        208          0          0          0   ROM Totals

==============================================================================

    Total RO  Size (Code + RO Data)                 1252 (   1.22kB)
    Total RW  Size (RW Data + ZI Data)              3072 (   3.00kB)
    Total ROM Size (Code + RO Data + RW Data)       1252 (   1.22kB)

==============================================================================

