ARM Linker, 5.02 [Build 28] [MDK-ARM Lite]

==============================================================================

Section Cross References

    arm_startup_nrf51.o(STACK) refers (Special) to heapauxi.o(.text) for __use_two_region_memory
    arm_startup_nrf51.o(HEAP) refers (Special) to heapauxi.o(.text) for __use_two_region_memory
    arm_startup_nrf51.o(RESET) refers (Special) to heapauxi.o(.text) for __use_two_region_memory
    arm_startup_nrf51.o(RESET) refers to arm_startup_nrf51.o(STACK) for __initial_sp
    arm_startup_nrf51.o(RESET) refers to arm_startup_nrf51.o(.text) for Reset_Handler
    arm_startup_nrf51.o(RESET) refers to app_timer.o(.text) for RTC1_IRQHandler
    arm_startup_nrf51.o(RESET) refers to ble_radio_notification.o(.text) for SWI1_IRQHandler
    arm_startup_nrf51.o(RESET) refers to ble_stack_handler.o(.text) for SWI2_IRQHandler
    arm_startup_nrf51.o(.text) refers (Special) to heapauxi.o(.text) for __use_two_region_memory
    arm_startup_nrf51.o(.text) refers to system_nrf51.o(.text) for SystemInit
    arm_startup_nrf51.o(.text) refers to __main.o(!!!main) for __main
    arm_startup_nrf51.o(.text) refers to arm_startup_nrf51.o(HEAP) for Heap_Mem
    arm_startup_nrf51.o(.text) refers to arm_startup_nrf51.o(STACK) for Stack_Mem
    system_nrf51.o(.text) refers to system_nrf51.o(.data) for SystemCoreClock
    main.o(.text) refers to strcpy.o(.text) for strcpy
    main.o(.text) refers to ble_error_log.o(.text) for ble_error_log_write
    main.o(.text) refers to ble_sensorsim.o(.text) for ble_sensorsim_measure
    main.o(.text) refers to ble_bas.o(.text) for ble_bas_battery_level_update
    main.o(.text) refers to ble_hrs.o(.text) for ble_hrs_heart_rate_measurement_send
    main.o(.text) refers to aeabi_sdiv.o(.text) for __aeabi_uidivmod
    main.o(.text) refers to app_timer.o(.text) for app_timer_init
    main.o(.text) refers to rt_memclr.o(.text) for __aeabi_memclr4
    main.o(.text) refers to ble_advdata.o(.text) for ble_advdata_set
    main.o(.text) refers to main.o(.bss) for s_file_name
    main.o(.text) refers to main.o(.data) for s_line_num
    main.o(.text) refers to main.o(.constdata) for .constdata
    main.o(.text) refers to ble_srv_common.o(.text) for ble_srv_ascii_to_utf8
    main.o(.text) refers to ble_dis.o(.text) for ble_dis_init
    main.o(.text) refers to ble_conn_params.o(.text) for ble_conn_params_init
    main.o(.text) refers to ble_bondmngr.o(.text) for ble_bondmngr_bonded_masters_store
    main.o(.text) refers to ble_stack_handler.o(.text) for ble_stack_handler_init
    main.o(.text) refers to ble_radio_notification.o(.text) for ble_radio_notification_init
    main.o(.text) refers to ble_flash.o(.text) for ble_flash_on_radio_active_evt
    ble_dis.o(.text) refers to main.o(.text) for app_error_handler
    ble_dis.o(.text) refers to rt_memclr.o(.text) for __aeabi_memclr4
    ble_dis.o(.text) refers to ble_dis.o(.data) for service_handle
    ble_bas.o(.text) refers to rt_memclr.o(.text) for __aeabi_memclr4
    ble_bas.o(.text) refers to ble_srv_common.o(.text) for ble_srv_report_ref_encode
    ble_hrs.o(.text) refers to rt_memmove.o(.text) for __aeabi_memmove
    ble_hrs.o(.text) refers to rt_memclr.o(.text) for __aeabi_memclr4
    ble_error_log.o(.text) refers to rt_memcpy.o(.emb_text) for __aeabi_memcpy4
    ble_error_log.o(.text) refers to strcpy.o(.text) for strcpy
    ble_error_log.o(.text) refers to ble_flash.o(.text) for ble_flash_page_write
    ble_error_log.o(.text) refers to main.o(.text) for app_error_handler
    ble_error_log.o(.text) refers to ble_error_log.o(.bss) for m_ble_error_log
    ble_error_log.o(.text) refers to ble_error_log.o(.data) for m_ble_log_clear_flag
    ble_advdata.o(.text) refers to rt_memcpy.o(.text) for __aeabi_memcpy
    ble_srv_common.o(.text) refers to main.o(.text) for app_error_handler
    ble_srv_common.o(.text) refers to strlen.o(.text) for strlen
    app_timer.o(.text) refers to app_timer.o(.emb_text) for __asm___11_app_timer_c_cd27f9c3__nrf_delay_us
    app_timer.o(.text) refers to main.o(.text) for app_error_handler
    app_timer.o(.text) refers to app_timer.o(.data) for mp_nodes
    ble_stack_handler.o(.text) refers to main.o(.text) for assert_nrf_callback
    ble_stack_handler.o(.text) refers to ble_stack_handler.o(.data) for m_evt_buffer
    ble_conn_params.o(.text) refers to rt_memcpy.o(.emb_text) for __aeabi_memcpy4
    ble_conn_params.o(.text) refers to rt_memcpy.o(.text) for __aeabi_memcpy
    ble_conn_params.o(.text) refers to app_timer.o(.text) for app_timer_create
    ble_conn_params.o(.text) refers to ble_conn_params.o(.data) for m_preferred_conn_params
    ble_conn_params.o(.text) refers to ble_conn_params.o(.bss) for m_conn_params_config
    ble_bondmngr.o(.text) refers to aeabi_sdiv.o(.text) for __aeabi_uidivmod
    ble_bondmngr.o(.text) refers to ble_flash.o(.text) for ble_flash_crc16_compute
    ble_bondmngr.o(.text) refers to rt_memcpy.o(.emb_text) for __aeabi_memcpy4
    ble_bondmngr.o(.text) refers to rt_memcpy.o(.text) for __aeabi_memcpy
    ble_bondmngr.o(.text) refers to ble_bondmngr.o(.data) for m_bond_info_in_flash_count
    ble_bondmngr.o(.text) refers to ble_bondmngr.o(.bss) for m_bondmngr_config
    ble_bondmngr.o(.text) refers to memcmp.o(.text) for memcmp
    ble_bondmngr.o(.text) refers to rt_memclr.o(.text) for __aeabi_memclr4
    ble_flash.o(.text) refers to rt_memcpy.o(.emb_text) for __aeabi_memcpy4
    ble_flash.o(.text) refers to ble_flash.o(.data) for m_radio_active
    ble_radio_notification.o(.text) refers to ble_radio_notification.o(.data) for m_radio_active
    rt_memcpy.o(.text) refers to rt_memcpy.o(.emb_text) for __aeabi_memcpy4
    rt_memmove.o(.text) refers to rt_memcpy.o(.emb_text) for __aeabi_memcpy4
    rt_memmove.o(.text) refers to rt_memcpy.o(.text) for __aeabi_memcpy
    __main.o(!!!main) refers to rtentry.o(.ARM.Collect$$rtentry$$00000000) for __rt_entry
    rtentry.o(.ARM.Collect$$rtentry$$00000000) refers (Special) to rtentry2.o(.ARM.Collect$$rtentry$$0000000A) for __rt_entry_li
    rtentry.o(.ARM.Collect$$rtentry$$00000000) refers (Special) to rtentry2.o(.ARM.Collect$$rtentry$$0000000D) for __rt_entry_main
    rtentry.o(.ARM.Collect$$rtentry$$00000000) refers (Special) to rtentry2.o(.ARM.Collect$$rtentry$$0000000C) for __rt_entry_postli_1
    rtentry.o(.ARM.Collect$$rtentry$$00000000) refers (Special) to rtentry2.o(.ARM.Collect$$rtentry$$00000009) for __rt_entry_postsh_1
    rtentry.o(.ARM.Collect$$rtentry$$00000000) refers (Special) to rtentry2.o(.ARM.Collect$$rtentry$$00000002) for __rt_entry_presh_1
    rtentry.o(.ARM.Collect$$rtentry$$00000000) refers (Special) to rtentry4.o(.ARM.Collect$$rtentry$$00000004) for __rt_entry_sh
    aeabi_idiv0_sigfpe.o(.text) refers to rt_div0.o(.text) for __rt_div0
    rtentry2.o(.ARM.Collect$$rtentry$$00000008) refers to boardinit2.o(.text) for _platform_post_stackheap_init
    rtentry2.o(.ARM.Collect$$rtentry$$0000000A) refers to libinit.o(.ARM.Collect$$libinit$$00000000) for __rt_lib_init
    rtentry2.o(.ARM.Collect$$rtentry$$0000000B) refers to boardinit3.o(.text) for _platform_post_lib_init
    rtentry2.o(.ARM.Collect$$rtentry$$0000000D) refers to main.o(.text) for main
    rtentry2.o(.ARM.Collect$$rtentry$$0000000D) refers to exit.o(.text) for exit
    rtentry2.o(.ARM.exidx) refers to rtentry2.o(.ARM.Collect$$rtentry$$00000001) for .ARM.Collect$$rtentry$$00000001
    rtentry2.o(.ARM.exidx) refers to rtentry2.o(.ARM.Collect$$rtentry$$00000008) for .ARM.Collect$$rtentry$$00000008
    rtentry2.o(.ARM.exidx) refers to rtentry2.o(.ARM.Collect$$rtentry$$0000000A) for .ARM.Collect$$rtentry$$0000000A
    rtentry2.o(.ARM.exidx) refers to rtentry2.o(.ARM.Collect$$rtentry$$0000000B) for .ARM.Collect$$rtentry$$0000000B
    rtentry2.o(.ARM.exidx) refers to rtentry2.o(.ARM.Collect$$rtentry$$0000000D) for .ARM.Collect$$rtentry$$0000000D
    rtentry4.o(.ARM.Collect$$rtentry$$00000004) refers to sys_stackheap_outer.o(.text) for __user_setup_stackheap
    rtentry4.o(.ARM.exidx) refers to rtentry4.o(.ARM.Collect$$rtentry$$00000004) for .ARM.Collect$$rtentry$$00000004
    rt_div0.o(.text) refers to defsig_fpe_outer.o(.text) for __rt_SIGFPE
    sys_stackheap_outer.o(.text) refers to libspace.o(.text) for __user_perproc_libspace
    sys_stackheap_outer.o(.text) refers to arm_startup_nrf51.o(.text) for __user_initial_stackheap
    sys_stackheap_outer.o(__vectab_stack_and_reset_area) refers to tempstk.o(.text) for __temporary_stack_top
    sys_stackheap_outer.o(__vectab_stack_and_reset_area) refers to __main.o(!!!main) for __main
    exit.o(.text) refers to rtexit.o(.ARM.Collect$$rtexit$$00000000) for __rt_exit
    defsig_fpe_outer.o(.text) refers to defsig_fpe_inner.o(.text) for __rt_SIGFPE_inner
    defsig_fpe_outer.o(.text) refers to defsig_exit.o(.text) for __sig_exit
    defsig_fpe_formal.o(.text) refers to rt_raise.o(.text) for __rt_raise
    libinit.o(.ARM.Collect$$libinit$$00000000) refers (Special) to libinit2.o(.ARM.Collect$$libinit$$0000002C) for __rt_lib_init_alloca_1
    libinit.o(.ARM.Collect$$libinit$$00000000) refers (Special) to libinit2.o(.ARM.Collect$$libinit$$0000002A) for __rt_lib_init_argv_1
    libinit.o(.ARM.Collect$$libinit$$00000000) refers (Special) to libinit2.o(.ARM.Collect$$libinit$$00000019) for __rt_lib_init_atexit_1
    libinit.o(.ARM.Collect$$libinit$$00000000) refers (Special) to libinit2.o(.ARM.Collect$$libinit$$0000001F) for __rt_lib_init_clock_1
    libinit.o(.ARM.Collect$$libinit$$00000000) refers (Special) to libinit2.o(.ARM.Collect$$libinit$$00000030) for __rt_lib_init_cpp_1
    libinit.o(.ARM.Collect$$libinit$$00000000) refers (Special) to libinit2.o(.ARM.Collect$$libinit$$0000002E) for __rt_lib_init_exceptions_1
    libinit.o(.ARM.Collect$$libinit$$00000000) refers (Special) to libinit2.o(.ARM.Collect$$libinit$$00000001) for __rt_lib_init_fp_1
    libinit.o(.ARM.Collect$$libinit$$00000000) refers (Special) to libinit2.o(.ARM.Collect$$libinit$$0000001D) for __rt_lib_init_fp_trap_1
    libinit.o(.ARM.Collect$$libinit$$00000000) refers (Special) to libinit2.o(.ARM.Collect$$libinit$$00000021) for __rt_lib_init_getenv_1
    libinit.o(.ARM.Collect$$libinit$$00000000) refers (Special) to libinit2.o(.ARM.Collect$$libinit$$00000008) for __rt_lib_init_heap_1
    libinit.o(.ARM.Collect$$libinit$$00000000) refers (Special) to libinit2.o(.ARM.Collect$$libinit$$0000000F) for __rt_lib_init_lc_collate_1
    libinit.o(.ARM.Collect$$libinit$$00000000) refers (Special) to libinit2.o(.ARM.Collect$$libinit$$00000011) for __rt_lib_init_lc_ctype_1
    libinit.o(.ARM.Collect$$libinit$$00000000) refers (Special) to libinit2.o(.ARM.Collect$$libinit$$00000013) for __rt_lib_init_lc_monetary_1
    libinit.o(.ARM.Collect$$libinit$$00000000) refers (Special) to libinit2.o(.ARM.Collect$$libinit$$00000015) for __rt_lib_init_lc_numeric_1
    libinit.o(.ARM.Collect$$libinit$$00000000) refers (Special) to libinit2.o(.ARM.Collect$$libinit$$00000017) for __rt_lib_init_lc_time_1
    libinit.o(.ARM.Collect$$libinit$$00000000) refers (Special) to libinit2.o(.ARM.Collect$$libinit$$0000000C) for __rt_lib_init_rand_1
    libinit.o(.ARM.Collect$$libinit$$00000000) refers (Special) to libinit2.o(.ARM.Collect$$libinit$$00000031) for __rt_lib_init_return
    libinit.o(.ARM.Collect$$libinit$$00000000) refers (Special) to libinit2.o(.ARM.Collect$$libinit$$0000001B) for __rt_lib_init_signal_1
    libinit.o(.ARM.Collect$$libinit$$00000000) refers (Special) to libinit2.o(.ARM.Collect$$libinit$$00000023) for __rt_lib_init_stdio_1
    libinit.o(.ARM.Collect$$libinit$$00000000) refers (Special) to libinit2.o(.ARM.Collect$$libinit$$0000000A) for __rt_lib_init_user_alloc_1
    libspace.o(.text) refers to libspace.o(.bss) for __libspace_start
    rtexit.o(.ARM.Collect$$rtexit$$00000000) refers (Special) to rtexit2.o(.ARM.Collect$$rtexit$$00000004) for __rt_exit_exit
    rtexit.o(.ARM.Collect$$rtexit$$00000000) refers (Special) to rtexit2.o(.ARM.Collect$$rtexit$$00000003) for __rt_exit_ls
    rtexit.o(.ARM.Collect$$rtexit$$00000000) refers (Special) to rtexit2.o(.ARM.Collect$$rtexit$$00000002) for __rt_exit_prels_1
    rtexit.o(.ARM.exidx) refers (Special) to rtexit2.o(.ARM.Collect$$rtexit$$00000004) for __rt_exit_exit
    rtexit.o(.ARM.exidx) refers (Special) to rtexit2.o(.ARM.Collect$$rtexit$$00000003) for __rt_exit_ls
    rtexit.o(.ARM.exidx) refers (Special) to rtexit2.o(.ARM.Collect$$rtexit$$00000002) for __rt_exit_prels_1
    rtexit.o(.ARM.exidx) refers to rtexit.o(.ARM.Collect$$rtexit$$00000000) for .ARM.Collect$$rtexit$$00000000
    rt_raise.o(.text) refers to __raise.o(.text) for __raise
    rt_raise.o(.text) refers to sys_exit.o(.text) for _sys_exit
    defsig_exit.o(.text) refers to sys_exit.o(.text) for _sys_exit
    defsig_fpe_inner.o(.text) refers to defsig_general.o(.text) for __default_signal_display
    libinit2.o(.ARM.Collect$$libinit$$0000000E) refers to libinit2.o(.ARM.Collect$$libinit$$0000000D) for .ARM.Collect$$libinit$$0000000D
    libinit2.o(.ARM.Collect$$libinit$$00000010) refers to libinit2.o(.ARM.Collect$$libinit$$0000000D) for .ARM.Collect$$libinit$$0000000D
    libinit2.o(.ARM.Collect$$libinit$$00000012) refers to libinit2.o(.ARM.Collect$$libinit$$0000000D) for .ARM.Collect$$libinit$$0000000D
    libinit2.o(.ARM.Collect$$libinit$$00000014) refers to libinit2.o(.ARM.Collect$$libinit$$0000000D) for .ARM.Collect$$libinit$$0000000D
    libinit2.o(.ARM.Collect$$libinit$$00000016) refers to libinit2.o(.ARM.Collect$$libinit$$0000000D) for .ARM.Collect$$libinit$$0000000D
    libinit2.o(.ARM.Collect$$libinit$$00000024) refers to argv_veneer.o(.text) for __ARM_argv_veneer
    libinit2.o(.ARM.Collect$$libinit$$00000025) refers to argv_veneer.o(.text) for __ARM_argv_veneer
    sys_exit.o(.text) refers (Special) to use_no_semi.o(.text) for __I$use$semihosting
    sys_exit.o(.text) refers (Special) to indicate_semi.o(.text) for __semihosting_library_function
    rtexit2.o(.ARM.Collect$$rtexit$$00000003) refers to libshutdown.o(.ARM.Collect$$libshutdown$$00000000) for __rt_lib_shutdown
    rtexit2.o(.ARM.Collect$$rtexit$$00000004) refers to sys_exit.o(.text) for _sys_exit
    rtexit2.o(.ARM.exidx) refers to rtexit2.o(.ARM.Collect$$rtexit$$00000001) for .ARM.Collect$$rtexit$$00000001
    rtexit2.o(.ARM.exidx) refers to rtexit2.o(.ARM.Collect$$rtexit$$00000003) for .ARM.Collect$$rtexit$$00000003
    rtexit2.o(.ARM.exidx) refers to rtexit2.o(.ARM.Collect$$rtexit$$00000004) for .ARM.Collect$$rtexit$$00000004
    __raise.o(.text) refers to defsig.o(CL$$defsig) for __default_signal_handler
    defsig_general.o(.text) refers to sys_wrch.o(.text) for _ttywrch
    sys_wrch.o(.text) refers (Special) to use_no_semi.o(.text) for __I$use$semihosting
    sys_wrch.o(.text) refers (Special) to indicate_semi.o(.text) for __semihosting_library_function
    defsig.o(CL$$defsig) refers to defsig_fpe_inner.o(.text) for __rt_SIGFPE_inner
    defsig.o(CL$$defsig) refers to defsig_rtmem_inner.o(.text) for __rt_SIGRTMEM_inner
    _get_argv_nomalloc.o(.text) refers (Special) to hrguard.o(.text) for __heap_region$guard
    _get_argv_nomalloc.o(.text) refers to defsig_rtmem_outer.o(.text) for __rt_SIGRTMEM
    _get_argv_nomalloc.o(.text) refers to sys_command.o(.text) for _sys_command_string
    libshutdown.o(.ARM.Collect$$libshutdown$$00000000) refers (Special) to libshutdown2.o(.ARM.Collect$$libshutdown$$00000006) for __rt_lib_shutdown_fp_trap_1
    libshutdown.o(.ARM.Collect$$libshutdown$$00000000) refers (Special) to libshutdown2.o(.ARM.Collect$$libshutdown$$0000000E) for __rt_lib_shutdown_heap_1
    libshutdown.o(.ARM.Collect$$libshutdown$$00000000) refers (Special) to libshutdown2.o(.ARM.Collect$$libshutdown$$0000000F) for __rt_lib_shutdown_return
    libshutdown.o(.ARM.Collect$$libshutdown$$00000000) refers (Special) to libshutdown2.o(.ARM.Collect$$libshutdown$$00000009) for __rt_lib_shutdown_signal_1
    libshutdown.o(.ARM.Collect$$libshutdown$$00000000) refers (Special) to libshutdown2.o(.ARM.Collect$$libshutdown$$00000003) for __rt_lib_shutdown_stdio_1
    libshutdown.o(.ARM.Collect$$libshutdown$$00000000) refers (Special) to libshutdown2.o(.ARM.Collect$$libshutdown$$0000000B) for __rt_lib_shutdown_user_alloc_1
    sys_command.o(.text) refers (Special) to use_no_semi.o(.text) for __I$use$semihosting
    sys_command.o(.text) refers (Special) to indicate_semi.o(.text) for __semihosting_library_function
    defsig_abrt_inner.o(.text) refers to defsig_general.o(.text) for __default_signal_display
    defsig_rtred_inner.o(.text) refers to defsig_general.o(.text) for __default_signal_display
    defsig_rtmem_inner.o(.text) refers to defsig_general.o(.text) for __default_signal_display
    defsig_rtmem_outer.o(.text) refers to defsig_rtmem_inner.o(.text) for __rt_SIGRTMEM_inner
    defsig_rtmem_outer.o(.text) refers to defsig_exit.o(.text) for __sig_exit
    defsig_rtmem_formal.o(.text) refers to rt_raise.o(.text) for __rt_raise
    defsig_stak_inner.o(.text) refers to defsig_general.o(.text) for __default_signal_display
    defsig_pvfn_inner.o(.text) refers to defsig_general.o(.text) for __default_signal_display
    defsig_cppl_inner.o(.text) refers to defsig_general.o(.text) for __default_signal_display
    defsig_segv_inner.o(.text) refers to defsig_general.o(.text) for __default_signal_display
    defsig_other.o(.text) refers to defsig_general.o(.text) for __default_signal_display


==============================================================================

Removing Unused input sections from the image.

    Removing system_nrf51.o(.rev16_text), (4 bytes).
    Removing system_nrf51.o(.revsh_text), (4 bytes).
    Removing main.o(.rev16_text), (4 bytes).
    Removing main.o(.revsh_text), (4 bytes).
    Removing ble_dis.o(.rev16_text), (4 bytes).
    Removing ble_dis.o(.revsh_text), (4 bytes).
    Removing ble_bas.o(.rev16_text), (4 bytes).
    Removing ble_bas.o(.revsh_text), (4 bytes).
    Removing ble_hrs.o(.rev16_text), (4 bytes).
    Removing ble_hrs.o(.revsh_text), (4 bytes).
    Removing ble_error_log.o(.rev16_text), (4 bytes).
    Removing ble_error_log.o(.revsh_text), (4 bytes).
    Removing ble_advdata.o(.rev16_text), (4 bytes).
    Removing ble_advdata.o(.revsh_text), (4 bytes).
    Removing ble_srv_common.o(.rev16_text), (4 bytes).
    Removing ble_srv_common.o(.revsh_text), (4 bytes).
    Removing app_timer.o(.rev16_text), (4 bytes).
    Removing app_timer.o(.revsh_text), (4 bytes).
    Removing ble_stack_handler.o(.rev16_text), (4 bytes).
    Removing ble_stack_handler.o(.revsh_text), (4 bytes).
    Removing ble_conn_params.o(.rev16_text), (4 bytes).
    Removing ble_conn_params.o(.revsh_text), (4 bytes).
    Removing ble_bondmngr.o(.rev16_text), (4 bytes).
    Removing ble_bondmngr.o(.revsh_text), (4 bytes).
    Removing ble_flash.o(.rev16_text), (4 bytes).
    Removing ble_flash.o(.revsh_text), (4 bytes).
    Removing ble_radio_notification.o(.rev16_text), (4 bytes).
    Removing ble_radio_notification.o(.revsh_text), (4 bytes).

28 unused section(s) (total 112 bytes) removed from the image.

==============================================================================

Image Symbol Table

    Local Symbols

    Symbol Name                              Value     Ov Type        Size  Object(Section)

    ../clib/angel/boardlib.s                 0x00000000   Number         0  boardinit3.o ABSOLUTE
    ../clib/angel/boardlib.s                 0x00000000   Number         0  boardshut.o ABSOLUTE
    ../clib/angel/boardlib.s                 0x00000000   Number         0  boardinit1.o ABSOLUTE
    ../clib/angel/boardlib.s                 0x00000000   Number         0  boardinit2.o ABSOLUTE
    ../clib/angel/handlers.s                 0x00000000   Number         0  __scatter_zi.o ABSOLUTE
    ../clib/angel/handlers.s                 0x00000000   Number         0  __scatter_copy.o ABSOLUTE
    ../clib/angel/kernel.s                   0x00000000   Number         0  rtentry.o ABSOLUTE
    ../clib/angel/kernel.s                   0x00000000   Number         0  rtexit.o ABSOLUTE
    ../clib/angel/kernel.s                   0x00000000   Number         0  rtexit2.o ABSOLUTE
    ../clib/angel/kernel.s                   0x00000000   Number         0  rtentry2.o ABSOLUTE
    ../clib/angel/kernel.s                   0x00000000   Number         0  rtentry4.o ABSOLUTE
    ../clib/angel/rt.s                       0x00000000   Number         0  aeabi_idiv0.o ABSOLUTE
    ../clib/angel/rt.s                       0x00000000   Number         0  aeabi_idiv0_sigfpe.o ABSOLUTE
    ../clib/angel/rt.s                       0x00000000   Number         0  rt_div0.o ABSOLUTE
    ../clib/angel/rt.s                       0x00000000   Number         0  rt_raise.o ABSOLUTE
    ../clib/angel/scatterp.s                 0x00000000   Number         0  __scatter.o ABSOLUTE
    ../clib/angel/startup.s                  0x00000000   Number         0  __main.o ABSOLUTE
    ../clib/angel/sys.s                      0x00000000   Number         0  libspace.o ABSOLUTE
    ../clib/angel/sys.s                      0x00000000   Number         0  tempstk.o ABSOLUTE
    ../clib/angel/sys.s                      0x00000000   Number         0  use_no_semi.o ABSOLUTE
    ../clib/angel/sys.s                      0x00000000   Number         0  indicate_semi.o ABSOLUTE
    ../clib/angel/sys.s                      0x00000000   Number         0  sys_stackheap_outer.o ABSOLUTE
    ../clib/angel/sysapp.c                   0x00000000   Number         0  sys_exit.o ABSOLUTE
    ../clib/angel/sysapp.c                   0x00000000   Number         0  sys_command.o ABSOLUTE
    ../clib/angel/sysapp.c                   0x00000000   Number         0  sys_wrch.o ABSOLUTE
    ../clib/armsys.c                         0x00000000   Number         0  argv_veneer.o ABSOLUTE
    ../clib/armsys.c                         0x00000000   Number         0  no_argv.o ABSOLUTE
    ../clib/armsys.c                         0x00000000   Number         0  _get_argv_nomalloc.o ABSOLUTE
    ../clib/division.s                       0x00000000   Number         0  aeabi_sdiv.o ABSOLUTE
    ../clib/division.s                       0x00000000   Number         0  aeabi_sdiv_div0.o ABSOLUTE
    ../clib/heapalloc.c                      0x00000000   Number         0  hrguard.o ABSOLUTE
    ../clib/heapaux.c                        0x00000000   Number         0  heapauxi.o ABSOLUTE
    ../clib/libinit.s                        0x00000000   Number         0  libinit.o ABSOLUTE
    ../clib/libinit.s                        0x00000000   Number         0  libshutdown2.o ABSOLUTE
    ../clib/libinit.s                        0x00000000   Number         0  libshutdown.o ABSOLUTE
    ../clib/libinit.s                        0x00000000   Number         0  libinit2.o ABSOLUTE
    ../clib/memcpset.c                       0x00000000   Number         0  rt_memmove.o ABSOLUTE
    ../clib/memcpset.c                       0x00000000   Number         0  rt_memclr.o ABSOLUTE
    ../clib/memcpset.c                       0x00000000   Number         0  rt_memcpy.o ABSOLUTE
    ../clib/memcpset.c                       0x00000000   Number         0  rt_memcpy.o ABSOLUTE
    ../clib/signal.c                         0x00000000   Number         0  defsig_segv_inner.o ABSOLUTE
    ../clib/signal.c                         0x00000000   Number         0  defsig_cppl_inner.o ABSOLUTE
    ../clib/signal.c                         0x00000000   Number         0  defsig_pvfn_inner.o ABSOLUTE
    ../clib/signal.c                         0x00000000   Number         0  defsig_stak_inner.o ABSOLUTE
    ../clib/signal.c                         0x00000000   Number         0  defsig_rtmem_formal.o ABSOLUTE
    ../clib/signal.c                         0x00000000   Number         0  defsig_rtmem_outer.o ABSOLUTE
    ../clib/signal.c                         0x00000000   Number         0  defsig_rtmem_inner.o ABSOLUTE
    ../clib/signal.c                         0x00000000   Number         0  defsig_abrt_inner.o ABSOLUTE
    ../clib/signal.c                         0x00000000   Number         0  defsig_rtred_inner.o ABSOLUTE
    ../clib/signal.c                         0x00000000   Number         0  defsig_general.o ABSOLUTE
    ../clib/signal.c                         0x00000000   Number         0  __raise.o ABSOLUTE
    ../clib/signal.c                         0x00000000   Number         0  defsig_fpe_inner.o ABSOLUTE
    ../clib/signal.c                         0x00000000   Number         0  defsig_exit.o ABSOLUTE
    ../clib/signal.c                         0x00000000   Number         0  defsig_fpe_formal.o ABSOLUTE
    ../clib/signal.c                         0x00000000   Number         0  defsig_fpe_outer.o ABSOLUTE
    ../clib/signal.c                         0x00000000   Number         0  defsig_other.o ABSOLUTE
    ../clib/signal.s                         0x00000000   Number         0  defsig.o ABSOLUTE
    ../clib/stdlib.c                         0x00000000   Number         0  exit.o ABSOLUTE
    ../clib/string.c                         0x00000000   Number         0  memcmp.o ABSOLUTE
    ../clib/string.c                         0x00000000   Number         0  strcpy.o ABSOLUTE
    ../clib/string.c                         0x00000000   Number         0  strlen.o ABSOLUTE
    ../fplib/cfplib/fpinit.c                 0x00000000   Number         0  fpinit.o ABSOLUTE
    ..\..\..\..\..\Source\app_common\app_timer.c 0x00000000   Number         0  app_timer.o ABSOLUTE
    ..\..\..\..\..\Source\ble\ble_advdata.c  0x00000000   Number         0  ble_advdata.o ABSOLUTE
    ..\..\..\..\..\Source\ble\ble_bondmngr.c 0x00000000   Number         0  ble_bondmngr.o ABSOLUTE
    ..\..\..\..\..\Source\ble\ble_conn_params.c 0x00000000   Number         0  ble_conn_params.o ABSOLUTE
    ..\..\..\..\..\Source\ble\ble_error_log.c 0x00000000   Number         0  ble_error_log.o ABSOLUTE
    ..\..\..\..\..\Source\ble\ble_flash.c    0x00000000   Number         0  ble_flash.o ABSOLUTE
    ..\..\..\..\..\Source\ble\ble_radio_notification.c 0x00000000   Number         0  ble_radio_notification.o ABSOLUTE
    ..\..\..\..\..\Source\ble\ble_sensorsim.c 0x00000000   Number         0  ble_sensorsim.o ABSOLUTE
    ..\..\..\..\..\Source\ble\ble_services\ble_bas.c 0x00000000   Number         0  ble_bas.o ABSOLUTE
    ..\..\..\..\..\Source\ble\ble_services\ble_dis.c 0x00000000   Number         0  ble_dis.o ABSOLUTE
    ..\..\..\..\..\Source\ble\ble_services\ble_hrs.c 0x00000000   Number         0  ble_hrs.o ABSOLUTE
    ..\..\..\..\..\Source\ble\ble_services\ble_srv_common.c 0x00000000   Number         0  ble_srv_common.o ABSOLUTE
    ..\..\..\..\..\Source\ble\ble_stack_handler.c 0x00000000   Number         0  ble_stack_handler.o ABSOLUTE
    ..\..\..\..\..\Source\templates\arm\arm_startup_nrf51.s 0x00000000   Number         0  arm_startup_nrf51.o ABSOLUTE
    ..\..\..\..\..\Source\templates\system_nrf51.c 0x00000000   Number         0  system_nrf51.o ABSOLUTE
    ..\\..\\..\\..\\..\\Source\\app_common\\app_timer.c 0x00000000   Number         0  app_timer.o ABSOLUTE
    ..\\..\\..\\..\\..\\Source\\ble\\ble_advdata.c 0x00000000   Number         0  ble_advdata.o ABSOLUTE
    ..\\..\\..\\..\\..\\Source\\ble\\ble_bondmngr.c 0x00000000   Number         0  ble_bondmngr.o ABSOLUTE
    ..\\..\\..\\..\\..\\Source\\ble\\ble_conn_params.c 0x00000000   Number         0  ble_conn_params.o ABSOLUTE
    ..\\..\\..\\..\\..\\Source\\ble\\ble_error_log.c 0x00000000   Number         0  ble_error_log.o ABSOLUTE
    ..\\..\\..\\..\\..\\Source\\ble\\ble_flash.c 0x00000000   Number         0  ble_flash.o ABSOLUTE
    ..\\..\\..\\..\\..\\Source\\ble\\ble_radio_notification.c 0x00000000   Number         0  ble_radio_notification.o ABSOLUTE
    ..\\..\\..\\..\\..\\Source\\ble\\ble_services\\ble_bas.c 0x00000000   Number         0  ble_bas.o ABSOLUTE
    ..\\..\\..\\..\\..\\Source\\ble\\ble_services\\ble_dis.c 0x00000000   Number         0  ble_dis.o ABSOLUTE
    ..\\..\\..\\..\\..\\Source\\ble\\ble_services\\ble_hrs.c 0x00000000   Number         0  ble_hrs.o ABSOLUTE
    ..\\..\\..\\..\\..\\Source\\ble\\ble_services\\ble_srv_common.c 0x00000000   Number         0  ble_srv_common.o ABSOLUTE
    ..\\..\\..\\..\\..\\Source\\ble\\ble_stack_handler.c 0x00000000   Number         0  ble_stack_handler.o ABSOLUTE
    ..\\..\\..\\..\\..\\Source\\templates\\system_nrf51.c 0x00000000   Number         0  system_nrf51.o ABSOLUTE
    ..\\main.c                               0x00000000   Number         0  main.o ABSOLUTE
    ..\main.c                                0x00000000   Number         0  main.o ABSOLUTE
    dc.s                                     0x00000000   Number         0  dc.o ABSOLUTE
    RESET                                    0x00014000   Section      192  arm_startup_nrf51.o(RESET)
    !!!main                                  0x000140c0   Section        8  __main.o(!!!main)
    !!!scatter                               0x000140c8   Section       60  __scatter.o(!!!scatter)
    !!handler_copy                           0x00014104   Section       26  __scatter_copy.o(!!handler_copy)
    !!handler_zi                             0x00014120   Section       28  __scatter_zi.o(!!handler_zi)
    .ARM.Collect$$libinit$$00000000          0x0001413c   Section        2  libinit.o(.ARM.Collect$$libinit$$00000000)
    .ARM.Collect$$libinit$$00000001          0x0001413e   Section        4  libinit2.o(.ARM.Collect$$libinit$$00000001)
    .ARM.Collect$$libinit$$00000008          0x00014142   Section        0  libinit2.o(.ARM.Collect$$libinit$$00000008)
    .ARM.Collect$$libinit$$0000000A          0x00014142   Section        0  libinit2.o(.ARM.Collect$$libinit$$0000000A)
    .ARM.Collect$$libinit$$0000000C          0x00014142   Section        0  libinit2.o(.ARM.Collect$$libinit$$0000000C)
    .ARM.Collect$$libinit$$0000000F          0x00014142   Section        0  libinit2.o(.ARM.Collect$$libinit$$0000000F)
    .ARM.Collect$$libinit$$00000011          0x00014142   Section        0  libinit2.o(.ARM.Collect$$libinit$$00000011)
    .ARM.Collect$$libinit$$00000013          0x00014142   Section        0  libinit2.o(.ARM.Collect$$libinit$$00000013)
    .ARM.Collect$$libinit$$00000015          0x00014142   Section        0  libinit2.o(.ARM.Collect$$libinit$$00000015)
    .ARM.Collect$$libinit$$00000017          0x00014142   Section        0  libinit2.o(.ARM.Collect$$libinit$$00000017)
    .ARM.Collect$$libinit$$00000019          0x00014142   Section        0  libinit2.o(.ARM.Collect$$libinit$$00000019)
    .ARM.Collect$$libinit$$0000001B          0x00014142   Section        0  libinit2.o(.ARM.Collect$$libinit$$0000001B)
    .ARM.Collect$$libinit$$0000001D          0x00014142   Section        0  libinit2.o(.ARM.Collect$$libinit$$0000001D)
    .ARM.Collect$$libinit$$0000001F          0x00014142   Section        0  libinit2.o(.ARM.Collect$$libinit$$0000001F)
    .ARM.Collect$$libinit$$00000021          0x00014142   Section        0  libinit2.o(.ARM.Collect$$libinit$$00000021)
    .ARM.Collect$$libinit$$00000023          0x00014142   Section        0  libinit2.o(.ARM.Collect$$libinit$$00000023)
    .ARM.Collect$$libinit$$0000002A          0x00014142   Section        0  libinit2.o(.ARM.Collect$$libinit$$0000002A)
    .ARM.Collect$$libinit$$0000002C          0x00014142   Section        0  libinit2.o(.ARM.Collect$$libinit$$0000002C)
    .ARM.Collect$$libinit$$0000002E          0x00014142   Section        0  libinit2.o(.ARM.Collect$$libinit$$0000002E)
    .ARM.Collect$$libinit$$00000030          0x00014142   Section        0  libinit2.o(.ARM.Collect$$libinit$$00000030)
    .ARM.Collect$$libinit$$00000031          0x00014142   Section        2  libinit2.o(.ARM.Collect$$libinit$$00000031)
    .ARM.Collect$$libshutdown$$00000000      0x00014144   Section        2  libshutdown.o(.ARM.Collect$$libshutdown$$00000000)
    .ARM.Collect$$libshutdown$$00000003      0x00014146   Section        0  libshutdown2.o(.ARM.Collect$$libshutdown$$00000003)
    .ARM.Collect$$libshutdown$$00000006      0x00014146   Section        0  libshutdown2.o(.ARM.Collect$$libshutdown$$00000006)
    .ARM.Collect$$libshutdown$$00000009      0x00014146   Section        0  libshutdown2.o(.ARM.Collect$$libshutdown$$00000009)
    .ARM.Collect$$libshutdown$$0000000B      0x00014146   Section        0  libshutdown2.o(.ARM.Collect$$libshutdown$$0000000B)
    .ARM.Collect$$libshutdown$$0000000E      0x00014146   Section        0  libshutdown2.o(.ARM.Collect$$libshutdown$$0000000E)
    .ARM.Collect$$libshutdown$$0000000F      0x00014146   Section        2  libshutdown2.o(.ARM.Collect$$libshutdown$$0000000F)
    .ARM.Collect$$rtentry$$00000000          0x00014148   Section        0  rtentry.o(.ARM.Collect$$rtentry$$00000000)
    .ARM.Collect$$rtentry$$00000002          0x00014148   Section        0  rtentry2.o(.ARM.Collect$$rtentry$$00000002)
    .ARM.Collect$$rtentry$$00000004          0x00014148   Section        6  rtentry4.o(.ARM.Collect$$rtentry$$00000004)
    .ARM.Collect$$rtentry$$00000009          0x0001414e   Section        0  rtentry2.o(.ARM.Collect$$rtentry$$00000009)
    .ARM.Collect$$rtentry$$0000000A          0x0001414e   Section        4  rtentry2.o(.ARM.Collect$$rtentry$$0000000A)
    .ARM.Collect$$rtentry$$0000000C          0x00014152   Section        0  rtentry2.o(.ARM.Collect$$rtentry$$0000000C)
    .ARM.Collect$$rtentry$$0000000D          0x00014152   Section        8  rtentry2.o(.ARM.Collect$$rtentry$$0000000D)
    .ARM.Collect$$rtexit$$00000000           0x0001415a   Section        2  rtexit.o(.ARM.Collect$$rtexit$$00000000)
    .ARM.Collect$$rtexit$$00000002           0x0001415c   Section        0  rtexit2.o(.ARM.Collect$$rtexit$$00000002)
    .ARM.Collect$$rtexit$$00000003           0x0001415c   Section        4  rtexit2.o(.ARM.Collect$$rtexit$$00000003)
    .ARM.Collect$$rtexit$$00000004           0x00014160   Section        6  rtexit2.o(.ARM.Collect$$rtexit$$00000004)
    .emb_text                                0x00014168   Section       30  app_timer.o(.emb_text)
    .emb_text                                0x00014188   Section       56  rt_memcpy.o(.emb_text)
    .text                                    0x000141c0   Section       72  arm_startup_nrf51.o(.text)
    .text                                    0x00014208   Section        0  system_nrf51.o(.text)
    .text                                    0x00014244   Section        0  main.o(.text)
    battery_level_update                     0x0001429d   Thumb Code    56  main.o(.text)
    battery_level_meas_timeout_handler       0x000142d5   Thumb Code    10  main.o(.text)
    heart_rate_meas_timeout_handler          0x000142df   Thumb Code    92  main.o(.text)
    rr_interval_timeout_handler              0x0001433b   Thumb Code    34  main.o(.text)
    sensor_contact_detected_timeout_handler  0x0001435d   Thumb Code    28  main.o(.text)
    leds_init                                0x00014379   Thumb Code    56  main.o(.text)
    timers_init                              0x000143b1   Thumb Code   192  main.o(.text)
    gap_params_init                          0x00014471   Thumb Code   154  main.o(.text)
    advertising_init                         0x0001450b   Thumb Code   112  main.o(.text)
    services_init                            0x0001457b   Thumb Code   642  main.o(.text)
    sensor_sim_init                          0x000147fd   Thumb Code    78  main.o(.text)
    sec_params_init                          0x0001484b   Thumb Code    66  main.o(.text)
    application_timers_start                 0x0001488d   Thumb Code   160  main.o(.text)
    advertising_start                        0x0001492d   Thumb Code    40  main.o(.text)
    on_conn_params_evt                       0x00014955   Thumb Code    74  main.o(.text)
    conn_params_error_handler                0x0001499f   Thumb Code    16  main.o(.text)
    conn_params_init                         0x000149af   Thumb Code    86  main.o(.text)
    on_ble_evt                               0x00014a05   Thumb Code   158  main.o(.text)
    ble_evt_dispatch                         0x00014aa3   Thumb Code    40  main.o(.text)
    ble_stack_init                           0x00014acb   Thumb Code    50  main.o(.text)
    buttons_init                             0x00014afd   Thumb Code    38  main.o(.text)
    bond_manager_error_handler               0x00014b23   Thumb Code    16  main.o(.text)
    bond_manager_init                        0x00014b33   Thumb Code   196  main.o(.text)
    radio_notification_init                  0x00014bf7   Thumb Code    40  main.o(.text)
    power_manage                             0x00014c1f   Thumb Code    32  main.o(.text)
    nrf_gpio_pin_set                         0x00014c83   Thumb Code    10  main.o(.text)
    nrf_gpio_pin_clear                       0x00014c8d   Thumb Code    10  main.o(.text)
    .text                                    0x00014ca8   Section        0  ble_dis.o(.text)
    sys_id_encode                            0x00014ca9   Thumb Code   160  ble_dis.o(.text)
    pnp_id_encode                            0x00014d49   Thumb Code   152  ble_dis.o(.text)
    char_add                                 0x00014de1   Thumb Code   232  ble_dis.o(.text)
    uint16_encode                            0x0001504b   Thumb Code    18  ble_dis.o(.text)
    .text                                    0x000150c0   Section        0  ble_bas.o(.text)
    on_connect                               0x000150c1   Thumb Code     6  ble_bas.o(.text)
    on_disconnect                            0x000150c7   Thumb Code     8  ble_bas.o(.text)
    on_write                                 0x000150cf   Thumb Code    80  ble_bas.o(.text)
    battery_level_char_add                   0x00015159   Thumb Code   448  ble_bas.o(.text)
    .text                                    0x000153e0   Section        0  ble_hrs.o(.text)
    on_connect                               0x000153e1   Thumb Code     6  ble_hrs.o(.text)
    on_disconnect                            0x000153e7   Thumb Code     8  ble_hrs.o(.text)
    on_hrm_cccd_write                        0x000153ef   Thumb Code    62  ble_hrs.o(.text)
    on_write                                 0x0001542d   Thumb Code    26  ble_hrs.o(.text)
    hrm_encode                               0x00015481   Thumb Code   186  ble_hrs.o(.text)
    heart_rate_measurement_char_add          0x0001553b   Thumb Code   234  ble_hrs.o(.text)
    body_sensor_location_char_add            0x00015625   Thumb Code   168  ble_hrs.o(.text)
    uint16_encode                            0x00015817   Thumb Code    18  ble_hrs.o(.text)
    .text                                    0x00015834   Section        0  ble_error_log.o(.text)
    fetch_stack                              0x00015835   Thumb Code    38  ble_error_log.o(.text)
    .text                                    0x0001597c   Section        0  ble_advdata.o(.text)
    name_encode                              0x0001597d   Thumb Code   106  ble_advdata.o(.text)
    appearance_encode                        0x000159e7   Thumb Code    74  ble_advdata.o(.text)
    uint8_array_encode                       0x00015a31   Thumb Code    82  ble_advdata.o(.text)
    tx_power_level_encode                    0x00015a83   Thumb Code    48  ble_advdata.o(.text)
    uuid_list_sized_encode                   0x00015ab3   Thumb Code   196  ble_advdata.o(.text)
    uuid_list_encode                         0x00015b77   Thumb Code    64  ble_advdata.o(.text)
    conn_int_check                           0x00015bb7   Thumb Code    88  ble_advdata.o(.text)
    conn_int_encode                          0x00015c0f   Thumb Code    92  ble_advdata.o(.text)
    manuf_specific_data_encode               0x00015c6b   Thumb Code   106  ble_advdata.o(.text)
    service_data_encode                      0x00015cd5   Thumb Code   140  ble_advdata.o(.text)
    adv_data_encode                          0x00015d61   Thumb Code   304  ble_advdata.o(.text)
    advdata_check                            0x00015e91   Thumb Code    32  ble_advdata.o(.text)
    srdata_check                             0x00015eb1   Thumb Code    16  ble_advdata.o(.text)
    uint16_encode                            0x00015f3b   Thumb Code    18  ble_advdata.o(.text)
    .text                                    0x00015f50   Section        0  ble_srv_common.o(.text)
    .text                                    0x00015fd8   Section        0  ble_sensorsim.o(.text)
    .text                                    0x0001603c   Section        0  app_timer.o(.text)
    NVIC_SetPriority                         0x0001603d   Thumb Code   110  app_timer.o(.text)
    rtc1_init                                0x000160ab   Thumb Code    18  app_timer.o(.text)
    rtc1_start                               0x000160bd   Thumb Code    42  app_timer.o(.text)
    rtc1_stop                                0x000160e7   Thumb Code    44  app_timer.o(.text)
    timer_list_insert                        0x00016113   Thumb Code   206  app_timer.o(.text)
    timer_list_remove                        0x000161e1   Thumb Code   150  app_timer.o(.text)
    timer_timeouts_check_sched               0x00016277   Thumb Code    10  app_timer.o(.text)
    timer_list_handler_sched                 0x00016281   Thumb Code    10  app_timer.o(.text)
    timeout_handler_exec                     0x0001628b   Thumb Code    60  app_timer.o(.text)
    timer_timeouts_check                     0x000162c7   Thumb Code   132  app_timer.o(.text)
    elapsed_ticks_acquire                    0x0001634b   Thumb Code    82  app_timer.o(.text)
    list_deletions_handler                   0x0001639d   Thumb Code   280  app_timer.o(.text)
    expired_timers_handler                   0x000164b5   Thumb Code    98  app_timer.o(.text)
    list_insertions_handler                  0x00016517   Thumb Code   260  app_timer.o(.text)
    compare_reg_update                       0x0001661b   Thumb Code   122  app_timer.o(.text)
    timer_list_handler                       0x00016695   Thumb Code    70  app_timer.o(.text)
    user_op_alloc                            0x000166db   Thumb Code    42  app_timer.o(.text)
    timer_start_op_schedule                  0x00016705   Thumb Code    64  app_timer.o(.text)
    timer_stop_op_schedule                   0x00016745   Thumb Code    42  app_timer.o(.text)
    timer_stop_all_op_schedule               0x0001676f   Thumb Code    42  app_timer.o(.text)
    user_id_get                              0x00016929   Thumb Code   108  app_timer.o(.text)
    NVIC_EnableIRQ                           0x00016a71   Thumb Code    14  app_timer.o(.text)
    NVIC_SetPendingIRQ                       0x00016a7f   Thumb Code    14  app_timer.o(.text)
    NVIC_ClearPendingIRQ                     0x00016a8d   Thumb Code    16  app_timer.o(.text)
    rtc1_counter_get                         0x00016a9d   Thumb Code     6  app_timer.o(.text)
    ticks_diff_get                           0x00016aa3   Thumb Code    10  app_timer.o(.text)
    .text                                    0x00016ac4   Section        0  ble_stack_handler.o(.text)
    softdevice_assertion_handler             0x00016ac5   Thumb Code    18  ble_stack_handler.o(.text)
    .text                                    0x00016bdc   Section        0  ble_conn_params.o(.text)
    is_conn_params_ok                        0x00016bdd   Thumb Code    30  ble_conn_params.o(.text)
    update_timeout_handler                   0x00016bfb   Thumb Code   140  ble_conn_params.o(.text)
    conn_params_negotiation                  0x00016ce7   Thumb Code    68  ble_conn_params.o(.text)
    on_connect                               0x00016d2b   Thumb Code    42  ble_conn_params.o(.text)
    on_disconnect                            0x00016d55   Thumb Code    50  ble_conn_params.o(.text)
    on_write                                 0x00016d87   Thumb Code    84  ble_conn_params.o(.text)
    on_conn_params_update                    0x00016ddb   Thumb Code    20  ble_conn_params.o(.text)
    .text                                    0x00016e4c   Section        0  ble_bondmngr.o(.text)
    crc_extract                              0x00016e4d   Thumb Code    30  ble_bondmngr.o(.text)
    bond_info_store                          0x00016e6b   Thumb Code   162  ble_bondmngr.o(.text)
    sys_attr_store                           0x00016f0d   Thumb Code   162  ble_bondmngr.o(.text)
    bonding_info_load_from_flash             0x00016faf   Thumb Code   136  ble_bondmngr.o(.text)
    sys_attr_load_from_flash                 0x00017037   Thumb Code   136  ble_bondmngr.o(.text)
    flash_pages_erase                        0x000170bf   Thumb Code    42  ble_bondmngr.o(.text)
    bond_info_changed                        0x000170e9   Thumb Code    66  ble_bondmngr.o(.text)
    sys_attr_changed                         0x0001712b   Thumb Code    70  ble_bondmngr.o(.text)
    master_sys_attr_set                      0x00017171   Thumb Code    38  ble_bondmngr.o(.text)
    update_white_list                        0x00017197   Thumb Code   122  ble_bondmngr.o(.text)
    on_auth_status_from_new_master           0x00017211   Thumb Code   254  ble_bondmngr.o(.text)
    master_update                            0x0001730f   Thumb Code    48  ble_bondmngr.o(.text)
    master_find_in_db                        0x0001733f   Thumb Code    64  ble_bondmngr.o(.text)
    load_all_from_flash                      0x0001737f   Thumb Code   244  ble_bondmngr.o(.text)
    sec_levels_equal                         0x00017473   Thumb Code    58  ble_bondmngr.o(.text)
    sec_keys_equal                           0x000174ad   Thumb Code    90  ble_bondmngr.o(.text)
    enc_info_equal                           0x00017507   Thumb Code    66  ble_bondmngr.o(.text)
    irk_equal                                0x00017549   Thumb Code    28  ble_bondmngr.o(.text)
    addr_equal                               0x00017565   Thumb Code    36  ble_bondmngr.o(.text)
    auth_status_equal                        0x00017589   Thumb Code   122  ble_bondmngr.o(.text)
    on_connect                               0x00017603   Thumb Code   256  ble_bondmngr.o(.text)
    on_sys_attr_missing                      0x00017703   Thumb Code    48  ble_bondmngr.o(.text)
    auth_status_update                       0x00017733   Thumb Code   126  ble_bondmngr.o(.text)
    on_auth_status                           0x000177b1   Thumb Code    86  ble_bondmngr.o(.text)
    on_sec_info_request                      0x00017807   Thumb Code   120  ble_bondmngr.o(.text)
    on_sec_update                            0x0001787f   Thumb Code    64  ble_bondmngr.o(.text)
    .text                                    0x00017c18   Section        0  ble_flash.o(.text)
    flash_page_erase                         0x00017c59   Thumb Code    54  ble_flash.o(.text)
    flash_word_write                         0x00017c8f   Thumb Code    46  ble_flash.o(.text)
    .text                                    0x00017e20   Section        0  ble_radio_notification.o(.text)
    .text                                    0x00017e8c   Section        0  memcmp.o(.text)
    .text                                    0x00017ee8   Section        0  strcpy.o(.text)
    .text                                    0x00017f34   Section        0  strlen.o(.text)
    .text                                    0x00017f78   Section        0  rt_memcpy.o(.text)
    .text                                    0x00017ffa   Section        0  rt_memmove.o(.text)
    .text                                    0x00018090   Section        0  rt_memclr.o(.text)
    .text                                    0x000180d0   Section      346  aeabi_sdiv.o(.text)
    .text                                    0x0001822a   Section        0  heapauxi.o(.text)
    .text                                    0x00018230   Section       62  sys_stackheap_outer.o(.text)
    .text                                    0x0001826e   Section        0  exit.o(.text)
    .text                                    0x0001827c   Section        8  libspace.o(.text)
    .text                                    0x00018284   Section        0  sys_exit.o(.text)
    .text                                    0x00018290   Section        2  use_no_semi.o(.text)
    .text                                    0x00018292   Section        0  indicate_semi.o(.text)
    .constdata                               0x00018294   Section       12  main.o(.constdata)
    .data                                    0x20002000   Section        4  system_nrf51.o(.data)
    .data                                    0x20002004   Section       68  main.o(.data)
    m_conn_handle                            0x20002004   Data           2  main.o(.data)
    m_rr_interval_enabled                    0x20002006   Data           1  main.o(.data)
    s_line_num                               0x20002008   Data           2  main.o(.data)
    s_error_code                             0x2000200c   Data           4  main.o(.data)
    s_line_num                               0x20002010   Data           2  main.o(.data)
    cnt                                      0x20002014   Data           4  main.o(.data)
    sensor_contact_detected                  0x20002018   Data           1  main.o(.data)
    m_sec_params                             0x2000201a   Data           6  main.o(.data)
    m_battery_sim_state                      0x20002020   Data           8  main.o(.data)
    m_heart_rate_sim_state                   0x20002028   Data           8  main.o(.data)
    m_rr_interval_sim_state                  0x20002030   Data           8  main.o(.data)
    m_battery_timer_id                       0x20002038   Data           4  main.o(.data)
    m_heart_rate_timer_id                    0x2000203c   Data           4  main.o(.data)
    m_rr_interval_timer_id                   0x20002040   Data           4  main.o(.data)
    m_sensor_contact_timer_id                0x20002044   Data           4  main.o(.data)
    .data                                    0x20002048   Section       74  ble_dis.o(.data)
    service_handle                           0x20002048   Data           2  ble_dis.o(.data)
    manufact_name_handles                    0x2000204a   Data           8  ble_dis.o(.data)
    model_num_handles                        0x20002052   Data           8  ble_dis.o(.data)
    serial_num_handles                       0x2000205a   Data           8  ble_dis.o(.data)
    hw_rev_handles                           0x20002062   Data           8  ble_dis.o(.data)
    fw_rev_handles                           0x2000206a   Data           8  ble_dis.o(.data)
    sw_rev_handles                           0x20002072   Data           8  ble_dis.o(.data)
    sys_id_handles                           0x2000207a   Data           8  ble_dis.o(.data)
    reg_cert_data_list_handles               0x20002082   Data           8  ble_dis.o(.data)
    pnp_id_handles                           0x2000208a   Data           8  ble_dis.o(.data)
    .data                                    0x20002092   Section        1  ble_error_log.o(.data)
    m_ble_log_clear_flag                     0x20002092   Data           1  ble_error_log.o(.data)
    .data                                    0x20002094   Section       36  app_timer.o(.data)
    mp_nodes                                 0x20002094   Data           4  app_timer.o(.data)
    m_node_array_size                        0x20002098   Data           1  app_timer.o(.data)
    m_user_array_size                        0x20002099   Data           1  app_timer.o(.data)
    mp_users                                 0x2000209c   Data           4  app_timer.o(.data)
    m_timer_id_head                          0x200020a0   Data           4  app_timer.o(.data)
    m_ticks_latest                           0x200020a4   Data           4  app_timer.o(.data)
    m_ticks_elapsed                          0x200020a8   Data           8  app_timer.o(.data)
    m_ticks_elapsed_first                    0x200020b0   Data           1  app_timer.o(.data)
    m_ticks_elapsed_last                     0x200020b1   Data           1  app_timer.o(.data)
    m_evt_schedule_func                      0x200020b4   Data           4  app_timer.o(.data)
    .data                                    0x200020b8   Section       14  ble_stack_handler.o(.data)
    m_evt_handler                            0x200020b8   Data           4  ble_stack_handler.o(.data)
    m_evt_schedule_func                      0x200020bc   Data           4  ble_stack_handler.o(.data)
    m_evt_buffer                             0x200020c0   Data           4  ble_stack_handler.o(.data)
    m_evt_buffer_size                        0x200020c4   Data           2  ble_stack_handler.o(.data)
    .data                                    0x200020c8   Section       24  ble_conn_params.o(.data)
    m_preferred_conn_params                  0x200020c8   Data           8  ble_conn_params.o(.data)
    m_update_count                           0x200020d0   Data           1  ble_conn_params.o(.data)
    m_conn_handle                            0x200020d2   Data           2  ble_conn_params.o(.data)
    m_current_conn_params                    0x200020d4   Data           8  ble_conn_params.o(.data)
    m_conn_params_timer_id                   0x200020dc   Data           4  ble_conn_params.o(.data)
    .data                                    0x200020e0   Section       22  ble_bondmngr.o(.data)
    m_is_bondmngr_initialized                0x200020e0   Data           1  ble_bondmngr.o(.data)
    m_conn_handle                            0x200020e2   Data           2  ble_bondmngr.o(.data)
    m_masters_in_db_count                    0x200020e4   Data           1  ble_bondmngr.o(.data)
    m_addr_count                             0x200020e5   Data           1  ble_bondmngr.o(.data)
    m_irk_count                              0x200020e6   Data           1  ble_bondmngr.o(.data)
    m_crc_bond_info                          0x200020e8   Data           2  ble_bondmngr.o(.data)
    m_crc_sys_attr                           0x200020ea   Data           2  ble_bondmngr.o(.data)
    mp_flash_bond_info                       0x200020ec   Data           4  ble_bondmngr.o(.data)
    mp_flash_sys_attr                        0x200020f0   Data           4  ble_bondmngr.o(.data)
    m_bond_info_in_flash_count               0x200020f4   Data           1  ble_bondmngr.o(.data)
    m_sys_attr_in_flash_count                0x200020f5   Data           1  ble_bondmngr.o(.data)
    .data                                    0x200020f6   Section        1  ble_flash.o(.data)
    m_radio_active                           0x200020f6   Data           1  ble_flash.o(.data)
    .data                                    0x200020f8   Section        8  ble_radio_notification.o(.data)
    m_radio_active                           0x200020f8   Data           1  ble_radio_notification.o(.data)
    m_evt_handler                            0x200020fc   Data           4  ble_radio_notification.o(.data)
    .bss                                     0x20002100   Section     1164  main.o(.bss)
    s_file_name                              0x20002100   Data         128  main.o(.bss)
    s_file_name                              0x20002180   Data         128  main.o(.bss)
    APP_TIMER_BUF                            0x20002200   Data         656  main.o(.bss)
    EVT_BUFFER                               0x20002490   Data          80  main.o(.bss)
    m_adv_params                             0x200024e0   Data          20  main.o(.bss)
    m_bas                                    0x200024f4   Data          24  main.o(.bss)
    m_hrs                                    0x2000250c   Data          80  main.o(.bss)
    m_battery_sim_cfg                        0x2000255c   Data          16  main.o(.bss)
    m_heart_rate_sim_cfg                     0x2000256c   Data          16  main.o(.bss)
    m_rr_interval_sim_cfg                    0x2000257c   Data          16  main.o(.bss)
    .bss                                     0x2000258c   Section      396  ble_error_log.o(.bss)
    m_ble_error_log                          0x2000258c   Data         396  ble_error_log.o(.bss)
    .bss                                     0x20002718   Section       28  ble_conn_params.o(.bss)
    m_conn_params_config                     0x20002718   Data          28  ble_conn_params.o(.bss)
    .bss                                     0x20002734   Section     1012  ble_bondmngr.o(.bss)
    s_addr                                   0x20002734   Data          28  ble_bondmngr.o(.bss)
    s_irk                                    0x20002750   Data          28  ble_bondmngr.o(.bss)
    m_bondmngr_config                        0x2000276c   Data          12  ble_bondmngr.o(.bss)
    m_master                                 0x20002778   Data         104  ble_bondmngr.o(.bss)
    m_masters_db                             0x200027e0   Data         728  ble_bondmngr.o(.bss)
    m_whitelist_addr                         0x20002ab8   Data          56  ble_bondmngr.o(.bss)
    m_whitelist_irk                          0x20002af0   Data          56  ble_bondmngr.o(.bss)
    .bss                                     0x20002b28   Section       96  libspace.o(.bss)
    HEAP                                     0x20002b88   Section     2048  arm_startup_nrf51.o(HEAP)
    Heap_Mem                                 0x20002b88   Data        2048  arm_startup_nrf51.o(HEAP)
    STACK                                    0x20003388   Section     2048  arm_startup_nrf51.o(STACK)
    Stack_Mem                                0x20003388   Data        2048  arm_startup_nrf51.o(STACK)
    __initial_sp                             0x20003b88   Data           0  arm_startup_nrf51.o(STACK)

    Global Symbols

    Symbol Name                              Value     Ov Type        Size  Object(Section)

    BuildAttributes$$THM_ISAv3M$S$PE$A:L22$X:L11$S22$IEEE1$IW$USESV6$~STKCKD$USESV7$ENUMINT$~SHL$OSPACE$ROPI$EBA8$UX$STANDARDLIB$REQ8$PRES8$EABIv2 0x00000000   Number         0  anon$$obj.o ABSOLUTE
    __ARM_use_no_argv                        0x00000000   Number         0  main.o ABSOLUTE
    __ARM_exceptions_init                     - Undefined Weak Reference
    __alloca_initialize                       - Undefined Weak Reference
    __cpp_initialize__aeabi_                  - Undefined Weak Reference
    __cxa_finalize                            - Undefined Weak Reference
    __rt_locale                               - Undefined Weak Reference
    __sigvec_lookup                           - Undefined Weak Reference
    _atexit_init                              - Undefined Weak Reference
    _call_atexit_fns                          - Undefined Weak Reference
    _clock_init                               - Undefined Weak Reference
    _fp_trap_init                             - Undefined Weak Reference
    _fp_trap_shutdown                         - Undefined Weak Reference
    _get_lc_collate                           - Undefined Weak Reference
    _get_lc_ctype                             - Undefined Weak Reference
    _get_lc_monetary                          - Undefined Weak Reference
    _get_lc_numeric                           - Undefined Weak Reference
    _get_lc_time                              - Undefined Weak Reference
    _getenv_init                              - Undefined Weak Reference
    _handle_redirection                       - Undefined Weak Reference
    _init_alloc                               - Undefined Weak Reference
    _init_user_alloc                          - Undefined Weak Reference
    _initio                                   - Undefined Weak Reference
    _rand_init                                - Undefined Weak Reference
    _signal_finish                            - Undefined Weak Reference
    _signal_init                              - Undefined Weak Reference
    _terminate_alloc                          - Undefined Weak Reference
    _terminate_user_alloc                     - Undefined Weak Reference
    _terminateio                              - Undefined Weak Reference
    __Vectors_Size                           0x000000c0   Number         0  arm_startup_nrf51.o ABSOLUTE
    __Vectors                                0x00014000   Data           4  arm_startup_nrf51.o(RESET)
    __Vectors_End                            0x000140c0   Data           0  arm_startup_nrf51.o(RESET)
    __main                                   0x000140c1   Thumb Code     8  __main.o(!!!main)
    __scatterload                            0x000140c9   Thumb Code     0  __scatter.o(!!!scatter)
    __scatterload_rt2                        0x000140c9   Thumb Code    52  __scatter.o(!!!scatter)
    __scatterload_rt2_thumb_only             0x000140c9   Thumb Code     0  __scatter.o(!!!scatter)
    __scatterload_null                       0x000140d9   Thumb Code     0  __scatter.o(!!!scatter)
    __scatterload_copy                       0x00014105   Thumb Code    26  __scatter_copy.o(!!handler_copy)
    __scatterload_zeroinit                   0x00014121   Thumb Code    28  __scatter_zi.o(!!handler_zi)
    __rt_lib_init                            0x0001413d   Thumb Code     0  libinit.o(.ARM.Collect$$libinit$$00000000)
    __rt_lib_init_fp_1                       0x0001413f   Thumb Code     0  libinit2.o(.ARM.Collect$$libinit$$00000001)
    __rt_lib_init_alloca_1                   0x00014143   Thumb Code     0  libinit2.o(.ARM.Collect$$libinit$$0000002C)
    __rt_lib_init_argv_1                     0x00014143   Thumb Code     0  libinit2.o(.ARM.Collect$$libinit$$0000002A)
    __rt_lib_init_atexit_1                   0x00014143   Thumb Code     0  libinit2.o(.ARM.Collect$$libinit$$00000019)
    __rt_lib_init_clock_1                    0x00014143   Thumb Code     0  libinit2.o(.ARM.Collect$$libinit$$0000001F)
    __rt_lib_init_cpp_1                      0x00014143   Thumb Code     0  libinit2.o(.ARM.Collect$$libinit$$00000030)
    __rt_lib_init_exceptions_1               0x00014143   Thumb Code     0  libinit2.o(.ARM.Collect$$libinit$$0000002E)
    __rt_lib_init_fp_trap_1                  0x00014143   Thumb Code     0  libinit2.o(.ARM.Collect$$libinit$$0000001D)
    __rt_lib_init_getenv_1                   0x00014143   Thumb Code     0  libinit2.o(.ARM.Collect$$libinit$$00000021)
    __rt_lib_init_heap_1                     0x00014143   Thumb Code     0  libinit2.o(.ARM.Collect$$libinit$$00000008)
    __rt_lib_init_lc_collate_1               0x00014143   Thumb Code     0  libinit2.o(.ARM.Collect$$libinit$$0000000F)
    __rt_lib_init_lc_ctype_1                 0x00014143   Thumb Code     0  libinit2.o(.ARM.Collect$$libinit$$00000011)
    __rt_lib_init_lc_monetary_1              0x00014143   Thumb Code     0  libinit2.o(.ARM.Collect$$libinit$$00000013)
    __rt_lib_init_lc_numeric_1               0x00014143   Thumb Code     0  libinit2.o(.ARM.Collect$$libinit$$00000015)
    __rt_lib_init_lc_time_1                  0x00014143   Thumb Code     0  libinit2.o(.ARM.Collect$$libinit$$00000017)
    __rt_lib_init_rand_1                     0x00014143   Thumb Code     0  libinit2.o(.ARM.Collect$$libinit$$0000000C)
    __rt_lib_init_return                     0x00014143   Thumb Code     0  libinit2.o(.ARM.Collect$$libinit$$00000031)
    __rt_lib_init_signal_1                   0x00014143   Thumb Code     0  libinit2.o(.ARM.Collect$$libinit$$0000001B)
    __rt_lib_init_stdio_1                    0x00014143   Thumb Code     0  libinit2.o(.ARM.Collect$$libinit$$00000023)
    __rt_lib_init_user_alloc_1               0x00014143   Thumb Code     0  libinit2.o(.ARM.Collect$$libinit$$0000000A)
    __rt_lib_shutdown                        0x00014145   Thumb Code     0  libshutdown.o(.ARM.Collect$$libshutdown$$00000000)
    __rt_lib_shutdown_fp_trap_1              0x00014147   Thumb Code     0  libshutdown2.o(.ARM.Collect$$libshutdown$$00000006)
    __rt_lib_shutdown_heap_1                 0x00014147   Thumb Code     0  libshutdown2.o(.ARM.Collect$$libshutdown$$0000000E)
    __rt_lib_shutdown_return                 0x00014147   Thumb Code     0  libshutdown2.o(.ARM.Collect$$libshutdown$$0000000F)
    __rt_lib_shutdown_signal_1               0x00014147   Thumb Code     0  libshutdown2.o(.ARM.Collect$$libshutdown$$00000009)
    __rt_lib_shutdown_stdio_1                0x00014147   Thumb Code     0  libshutdown2.o(.ARM.Collect$$libshutdown$$00000003)
    __rt_lib_shutdown_user_alloc_1           0x00014147   Thumb Code     0  libshutdown2.o(.ARM.Collect$$libshutdown$$0000000B)
    __rt_entry                               0x00014149   Thumb Code     0  rtentry.o(.ARM.Collect$$rtentry$$00000000)
    __rt_entry_presh_1                       0x00014149   Thumb Code     0  rtentry2.o(.ARM.Collect$$rtentry$$00000002)
    __rt_entry_sh                            0x00014149   Thumb Code     0  rtentry4.o(.ARM.Collect$$rtentry$$00000004)
    __rt_entry_li                            0x0001414f   Thumb Code     0  rtentry2.o(.ARM.Collect$$rtentry$$0000000A)
    __rt_entry_postsh_1                      0x0001414f   Thumb Code     0  rtentry2.o(.ARM.Collect$$rtentry$$00000009)
    __rt_entry_main                          0x00014153   Thumb Code     0  rtentry2.o(.ARM.Collect$$rtentry$$0000000D)
    __rt_entry_postli_1                      0x00014153   Thumb Code     0  rtentry2.o(.ARM.Collect$$rtentry$$0000000C)
    __rt_exit                                0x0001415b   Thumb Code     0  rtexit.o(.ARM.Collect$$rtexit$$00000000)
    __rt_exit_ls                             0x0001415d   Thumb Code     0  rtexit2.o(.ARM.Collect$$rtexit$$00000003)
    __rt_exit_prels_1                        0x0001415d   Thumb Code     0  rtexit2.o(.ARM.Collect$$rtexit$$00000002)
    __rt_exit_exit                           0x00014161   Thumb Code     0  rtexit2.o(.ARM.Collect$$rtexit$$00000004)
    __asm___11_app_timer_c_cd27f9c3__nrf_delay_us 0x00014169   Thumb Code    30  app_timer.o(.emb_text)
    __aeabi_memcpy4                          0x00014189   Thumb Code    56  rt_memcpy.o(.emb_text)
    __aeabi_memcpy8                          0x00014189   Thumb Code     0  rt_memcpy.o(.emb_text)
    Reset_Handler                            0x000141c1   Thumb Code    18  arm_startup_nrf51.o(.text)
    NMI_Handler                              0x000141d3   Thumb Code     2  arm_startup_nrf51.o(.text)
    HardFault_Handler                        0x000141d5   Thumb Code     2  arm_startup_nrf51.o(.text)
    SVC_Handler                              0x000141d7   Thumb Code     2  arm_startup_nrf51.o(.text)
    PendSV_Handler                           0x000141d9   Thumb Code     2  arm_startup_nrf51.o(.text)
    SysTick_Handler                          0x000141db   Thumb Code     2  arm_startup_nrf51.o(.text)
    ADC_IRQHandler                           0x000141dd   Thumb Code     0  arm_startup_nrf51.o(.text)
    CCM_AAR_IRQHandler                       0x000141dd   Thumb Code     0  arm_startup_nrf51.o(.text)
    ECB_IRQHandler                           0x000141dd   Thumb Code     0  arm_startup_nrf51.o(.text)
    GPIOTE_IRQHandler                        0x000141dd   Thumb Code     0  arm_startup_nrf51.o(.text)
    POWER_CLOCK_IRQHandler                   0x000141dd   Thumb Code     0  arm_startup_nrf51.o(.text)
    QDEC_IRQHandler                          0x000141dd   Thumb Code     0  arm_startup_nrf51.o(.text)
    RADIO_IRQHandler                         0x000141dd   Thumb Code     0  arm_startup_nrf51.o(.text)
    RNG_IRQHandler                           0x000141dd   Thumb Code     0  arm_startup_nrf51.o(.text)
    RTC0_IRQHandler                          0x000141dd   Thumb Code     0  arm_startup_nrf51.o(.text)
    SPI0_TWI0_IRQHandler                     0x000141dd   Thumb Code     0  arm_startup_nrf51.o(.text)
    SPI1_TWI1_IRQHandler                     0x000141dd   Thumb Code     0  arm_startup_nrf51.o(.text)
    SWI3_IRQHandler                          0x000141dd   Thumb Code     0  arm_startup_nrf51.o(.text)
    SWI4_IRQHandler                          0x000141dd   Thumb Code     0  arm_startup_nrf51.o(.text)
    SWI5_IRQHandler                          0x000141dd   Thumb Code     0  arm_startup_nrf51.o(.text)
    TEMP_IRQHandler                          0x000141dd   Thumb Code     0  arm_startup_nrf51.o(.text)
    TIMER0_IRQHandler                        0x000141dd   Thumb Code     0  arm_startup_nrf51.o(.text)
    TIMER1_IRQHandler                        0x000141dd   Thumb Code     0  arm_startup_nrf51.o(.text)
    TIMER2_IRQHandler                        0x000141dd   Thumb Code     0  arm_startup_nrf51.o(.text)
    UART0_IRQHandler                         0x000141dd   Thumb Code     0  arm_startup_nrf51.o(.text)
    WDT_IRQHandler                           0x000141dd   Thumb Code     0  arm_startup_nrf51.o(.text)
    WUCOMP_COMP_IRQHandler                   0x000141dd   Thumb Code     0  arm_startup_nrf51.o(.text)
    __user_initial_stackheap                 0x000141e1   Thumb Code     0  arm_startup_nrf51.o(.text)
    SystemInit                               0x00014209   Thumb Code    26  system_nrf51.o(.text)
    SystemCoreClockUpdate                    0x00014223   Thumb Code     8  system_nrf51.o(.text)
    app_error_handler                        0x00014245   Thumb Code    50  main.o(.text)
    assert_nrf_callback                      0x00014277   Thumb Code    38  main.o(.text)
    main                                     0x00014c3f   Thumb Code    68  main.o(.text)
    ble_dis_init                             0x00014ec9   Thumb Code   386  ble_dis.o(.text)
    ble_bas_on_ble_evt                       0x0001511f   Thumb Code    58  ble_bas.o(.text)
    ble_bas_init                             0x00015319   Thumb Code    66  ble_bas.o(.text)
    ble_bas_battery_level_update             0x0001535b   Thumb Code   118  ble_bas.o(.text)
    ble_hrs_on_ble_evt                       0x00015447   Thumb Code    58  ble_hrs.o(.text)
    ble_hrs_init                             0x000156cd   Thumb Code   108  ble_hrs.o(.text)
    ble_hrs_heart_rate_measurement_send      0x00015739   Thumb Code    94  ble_hrs.o(.text)
    ble_hrs_rr_interval_add                  0x00015797   Thumb Code    60  ble_hrs.o(.text)
    ble_hrs_rr_interval_buffer_is_full       0x000157d3   Thumb Code    18  ble_hrs.o(.text)
    ble_hrs_sensor_contact_supported_set     0x000157e5   Thumb Code    20  ble_hrs.o(.text)
    ble_hrs_sensor_contact_detected_update   0x000157f9   Thumb Code     6  ble_hrs.o(.text)
    ble_hrs_body_sensor_location_set         0x000157ff   Thumb Code    24  ble_hrs.o(.text)
    ble_error_log_write                      0x0001585b   Thumb Code    48  ble_error_log.o(.text)
    ble_error_log_read                       0x0001588b   Thumb Code   122  ble_error_log.o(.text)
    ble_error_log_clear                      0x00015905   Thumb Code     8  ble_error_log.o(.text)
    ble_error_log_init                       0x0001590d   Thumb Code    54  ble_error_log.o(.text)
    ble_advdata_set                          0x00015ec1   Thumb Code   122  ble_advdata.o(.text)
    ble_srv_report_ref_encode                0x00015f51   Thumb Code    60  ble_srv_common.o(.text)
    ble_srv_ascii_to_utf8                    0x00015f8d   Thumb Code    18  ble_srv_common.o(.text)
    ble_sensorsim_init                       0x00015fd9   Thumb Code    26  ble_sensorsim.o(.text)
    ble_sensorsim_measure                    0x00015ff3   Thumb Code    74  ble_sensorsim.o(.text)
    RTC1_IRQHandler                          0x00016799   Thumb Code    34  app_timer.o(.text)
    SWI0_IRQHandler                          0x000167bb   Thumb Code     8  app_timer.o(.text)
    app_timer_init                           0x000167c3   Thumb Code   250  app_timer.o(.text)
    app_timer_create                         0x000168bd   Thumb Code   108  app_timer.o(.text)
    app_timer_start                          0x00016995   Thumb Code    98  app_timer.o(.text)
    app_timer_stop                           0x000169f7   Thumb Code    60  app_timer.o(.text)
    app_timer_stop_all                       0x00016a33   Thumb Code    26  app_timer.o(.text)
    app_timer_cnt_get                        0x00016a4d   Thumb Code    14  app_timer.o(.text)
    app_timer_cnt_diff_compute               0x00016a5b   Thumb Code    22  app_timer.o(.text)
    ble_stack_handler_init                   0x00016ad7   Thumb Code    82  ble_stack_handler.o(.text)
    intern_ble_stack_events_execute          0x00016b29   Thumb Code    60  ble_stack_handler.o(.text)
    SWI2_IRQHandler                          0x00016b65   Thumb Code    50  ble_stack_handler.o(.text)
    ble_conn_params_init                     0x00016c87   Thumb Code    84  ble_conn_params.o(.text)
    ble_conn_params_stop                     0x00016cdb   Thumb Code    12  ble_conn_params.o(.text)
    ble_conn_params_on_ble_evt               0x00016def   Thumb Code    62  ble_conn_params.o(.text)
    ble_bondmngr_on_ble_evt                  0x000178bf   Thumb Code    94  ble_bondmngr.o(.text)
    ble_bondmngr_bonded_masters_store        0x0001791d   Thumb Code   244  ble_bondmngr.o(.text)
    ble_bondmngr_sys_attr_store              0x00017a11   Thumb Code    92  ble_bondmngr.o(.text)
    ble_bondmngr_bonded_masters_delete       0x00017a6d   Thumb Code    72  ble_bondmngr.o(.text)
    ble_bondmngr_master_addr_get             0x00017ab5   Thumb Code    66  ble_bondmngr.o(.text)
    ble_bondmngr_whitelist_get               0x00017af7   Thumb Code   108  ble_bondmngr.o(.text)
    ble_bondmngr_init                        0x00017b63   Thumb Code   124  ble_bondmngr.o(.text)
    ble_flash_crc16_compute                  0x00017c19   Thumb Code    64  ble_flash.o(.text)
    ble_flash_word_write                     0x00017cbd   Thumb Code    18  ble_flash.o(.text)
    ble_flash_block_write                    0x00017ccf   Thumb Code    36  ble_flash.o(.text)
    ble_flash_page_erase                     0x00017cf3   Thumb Code    26  ble_flash.o(.text)
    ble_flash_page_write                     0x00017d0d   Thumb Code   120  ble_flash.o(.text)
    ble_flash_page_read                      0x00017d85   Thumb Code   112  ble_flash.o(.text)
    ble_flash_page_addr                      0x00017df5   Thumb Code    18  ble_flash.o(.text)
    ble_flash_on_radio_active_evt            0x00017e07   Thumb Code     6  ble_flash.o(.text)
    SWI1_IRQHandler                          0x00017e21   Thumb Code    34  ble_radio_notification.o(.text)
    ble_radio_notification_init              0x00017e43   Thumb Code    64  ble_radio_notification.o(.text)
    memcmp                                   0x00017e8d   Thumb Code    90  memcmp.o(.text)
    strcpy                                   0x00017ee9   Thumb Code    70  strcpy.o(.text)
    strlen                                   0x00017f35   Thumb Code    62  strlen.o(.text)
    __aeabi_memcpy                           0x00017f79   Thumb Code   130  rt_memcpy.o(.text)
    __rt_memcpy                              0x00017f79   Thumb Code     0  rt_memcpy.o(.text)
    __aeabi_memmove4                         0x00017ffb   Thumb Code    70  rt_memmove.o(.text)
    __aeabi_memmove8                         0x00017ffb   Thumb Code     0  rt_memmove.o(.text)
    __aeabi_memmove                          0x00018041   Thumb Code    80  rt_memmove.o(.text)
    __rt_memmove                             0x00018041   Thumb Code     0  rt_memmove.o(.text)
    _memset_w                                0x00018091   Thumb Code    26  rt_memclr.o(.text)
    _memset                                  0x000180ab   Thumb Code    30  rt_memclr.o(.text)
    __aeabi_memclr                           0x000180c9   Thumb Code     4  rt_memclr.o(.text)
    __rt_memclr                              0x000180c9   Thumb Code     0  rt_memclr.o(.text)
    __aeabi_memclr4                          0x000180cd   Thumb Code     0  rt_memclr.o(.text)
    __aeabi_memclr8                          0x000180cd   Thumb Code     0  rt_memclr.o(.text)
    __rt_memclr_w                            0x000180cd   Thumb Code     4  rt_memclr.o(.text)
    __aeabi_uidiv                            0x000180d1   Thumb Code     0  aeabi_sdiv.o(.text)
    __aeabi_uidivmod                         0x000180d1   Thumb Code    20  aeabi_sdiv.o(.text)
    __aeabi_idiv                             0x000180e5   Thumb Code     0  aeabi_sdiv.o(.text)
    __aeabi_idivmod                          0x000180e5   Thumb Code   326  aeabi_sdiv.o(.text)
    __use_two_region_memory                  0x0001822b   Thumb Code     2  heapauxi.o(.text)
    __rt_heap_escrow$2region                 0x0001822d   Thumb Code     2  heapauxi.o(.text)
    __rt_heap_expand$2region                 0x0001822f   Thumb Code     2  heapauxi.o(.text)
    __user_setup_stackheap                   0x00018231   Thumb Code    62  sys_stackheap_outer.o(.text)
    exit                                     0x0001826f   Thumb Code    12  exit.o(.text)
    __user_libspace                          0x0001827d   Thumb Code     8  libspace.o(.text)
    __user_perproc_libspace                  0x0001827d   Thumb Code     0  libspace.o(.text)
    __user_perthread_libspace                0x0001827d   Thumb Code     0  libspace.o(.text)
    _sys_exit                                0x00018285   Thumb Code     8  sys_exit.o(.text)
    __I$use$semihosting                      0x00018291   Thumb Code     0  use_no_semi.o(.text)
    __use_no_semihosting_swi                 0x00018291   Thumb Code     2  use_no_semi.o(.text)
    __semihosting_library_function           0x00018293   Thumb Code     0  indicate_semi.o(.text)
    Region$$Table$$Base                      0x000182a0   Number         0  anon$$obj.o(Region$$Table)
    Region$$Table$$Limit                     0x000182c0   Number         0  anon$$obj.o(Region$$Table)
    SystemCoreClock                          0x20002000   Data           4  system_nrf51.o(.data)
    __libspace_start                         0x20002b28   Data          96  libspace.o(.bss)
    __temporary_stack_top$libspace           0x20002b88   Data           0  libspace.o(.bss)



==============================================================================

Memory Map of the image

  Image Entry point : 0x000140c1

  Load Region LR_IROM1 (Base: 0x00014000, Size: 0x000043c0, Max: 0x00020000, ABSOLUTE)

    Execution Region ER_IROM1 (Base: 0x00014000, Size: 0x000042c0, Max: 0x00020000, ABSOLUTE)

    Base Addr    Size         Type   Attr      Idx    E Section Name        Object

    0x00014000   0x000000c0   Data   RO            3    RESET               arm_startup_nrf51.o
    0x000140c0   0x00000008   Code   RO          703  * !!!main             c_p.l(__main.o)
    0x000140c8   0x0000003c   Code   RO          869    !!!scatter          c_p.l(__scatter.o)
    0x00014104   0x0000001a   Code   RO          871    !!handler_copy      c_p.l(__scatter_copy.o)
    0x0001411e   0x00000002   PAD
    0x00014120   0x0000001c   Code   RO          873    !!handler_zi        c_p.l(__scatter_zi.o)
    0x0001413c   0x00000002   Code   RO          741    .ARM.Collect$$libinit$$00000000  c_p.l(libinit.o)
    0x0001413e   0x00000004   Code   RO          754    .ARM.Collect$$libinit$$00000001  c_p.l(libinit2.o)
    0x00014142   0x00000000   Code   RO          758    .ARM.Collect$$libinit$$00000008  c_p.l(libinit2.o)
    0x00014142   0x00000000   Code   RO          760    .ARM.Collect$$libinit$$0000000A  c_p.l(libinit2.o)
    0x00014142   0x00000000   Code   RO          762    .ARM.Collect$$libinit$$0000000C  c_p.l(libinit2.o)
    0x00014142   0x00000000   Code   RO          765    .ARM.Collect$$libinit$$0000000F  c_p.l(libinit2.o)
    0x00014142   0x00000000   Code   RO          767    .ARM.Collect$$libinit$$00000011  c_p.l(libinit2.o)
    0x00014142   0x00000000   Code   RO          769    .ARM.Collect$$libinit$$00000013  c_p.l(libinit2.o)
    0x00014142   0x00000000   Code   RO          771    .ARM.Collect$$libinit$$00000015  c_p.l(libinit2.o)
    0x00014142   0x00000000   Code   RO          773    .ARM.Collect$$libinit$$00000017  c_p.l(libinit2.o)
    0x00014142   0x00000000   Code   RO          775    .ARM.Collect$$libinit$$00000019  c_p.l(libinit2.o)
    0x00014142   0x00000000   Code   RO          777    .ARM.Collect$$libinit$$0000001B  c_p.l(libinit2.o)
    0x00014142   0x00000000   Code   RO          779    .ARM.Collect$$libinit$$0000001D  c_p.l(libinit2.o)
    0x00014142   0x00000000   Code   RO          781    .ARM.Collect$$libinit$$0000001F  c_p.l(libinit2.o)
    0x00014142   0x00000000   Code   RO          783    .ARM.Collect$$libinit$$00000021  c_p.l(libinit2.o)
    0x00014142   0x00000000   Code   RO          785    .ARM.Collect$$libinit$$00000023  c_p.l(libinit2.o)
    0x00014142   0x00000000   Code   RO          789    .ARM.Collect$$libinit$$0000002A  c_p.l(libinit2.o)
    0x00014142   0x00000000   Code   RO          791    .ARM.Collect$$libinit$$0000002C  c_p.l(libinit2.o)
    0x00014142   0x00000000   Code   RO          793    .ARM.Collect$$libinit$$0000002E  c_p.l(libinit2.o)
    0x00014142   0x00000000   Code   RO          795    .ARM.Collect$$libinit$$00000030  c_p.l(libinit2.o)
    0x00014142   0x00000002   Code   RO          796    .ARM.Collect$$libinit$$00000031  c_p.l(libinit2.o)
    0x00014144   0x00000002   Code   RO          827    .ARM.Collect$$libshutdown$$00000000  c_p.l(libshutdown.o)
    0x00014146   0x00000000   Code   RO          854    .ARM.Collect$$libshutdown$$00000003  c_p.l(libshutdown2.o)
    0x00014146   0x00000000   Code   RO          857    .ARM.Collect$$libshutdown$$00000006  c_p.l(libshutdown2.o)
    0x00014146   0x00000000   Code   RO          860    .ARM.Collect$$libshutdown$$00000009  c_p.l(libshutdown2.o)
    0x00014146   0x00000000   Code   RO          862    .ARM.Collect$$libshutdown$$0000000B  c_p.l(libshutdown2.o)
    0x00014146   0x00000000   Code   RO          865    .ARM.Collect$$libshutdown$$0000000E  c_p.l(libshutdown2.o)
    0x00014146   0x00000002   Code   RO          866    .ARM.Collect$$libshutdown$$0000000F  c_p.l(libshutdown2.o)
    0x00014148   0x00000000   Code   RO          705    .ARM.Collect$$rtentry$$00000000  c_p.l(rtentry.o)
    0x00014148   0x00000000   Code   RO          711    .ARM.Collect$$rtentry$$00000002  c_p.l(rtentry2.o)
    0x00014148   0x00000006   Code   RO          723    .ARM.Collect$$rtentry$$00000004  c_p.l(rtentry4.o)
    0x0001414e   0x00000000   Code   RO          713    .ARM.Collect$$rtentry$$00000009  c_p.l(rtentry2.o)
    0x0001414e   0x00000004   Code   RO          714    .ARM.Collect$$rtentry$$0000000A  c_p.l(rtentry2.o)
    0x00014152   0x00000000   Code   RO          716    .ARM.Collect$$rtentry$$0000000C  c_p.l(rtentry2.o)
    0x00014152   0x00000008   Code   RO          717    .ARM.Collect$$rtentry$$0000000D  c_p.l(rtentry2.o)
    0x0001415a   0x00000002   Code   RO          746    .ARM.Collect$$rtexit$$00000000  c_p.l(rtexit.o)
    0x0001415c   0x00000000   Code   RO          800    .ARM.Collect$$rtexit$$00000002  c_p.l(rtexit2.o)
    0x0001415c   0x00000004   Code   RO          801    .ARM.Collect$$rtexit$$00000003  c_p.l(rtexit2.o)
    0x00014160   0x00000006   Code   RO          802    .ARM.Collect$$rtexit$$00000004  c_p.l(rtexit2.o)
    0x00014166   0x00000002   PAD
    0x00014168   0x0000001e   Code   RO          439    .emb_text           app_timer.o
    0x00014186   0x00000002   PAD
    0x00014188   0x00000038   Code   RO          689    .emb_text           c_p.l(rt_memcpy.o)
    0x000141c0   0x00000048   Code   RO            4    .text               arm_startup_nrf51.o
    0x00014208   0x0000003c   Code   RO           12    .text               system_nrf51.o
    0x00014244   0x00000a64   Code   RO           66    .text               main.o
    0x00014ca8   0x00000418   Code   RO          212    .text               ble_dis.o
    0x000150c0   0x00000320   Code   RO          279    .text               ble_bas.o
    0x000153e0   0x00000454   Code   RO          326    .text               ble_hrs.o
    0x00015834   0x00000148   Code   RO          352    .text               ble_error_log.o
    0x0001597c   0x000005d4   Code   RO          378    .text               ble_advdata.o
    0x00015f50   0x00000088   Code   RO          404    .text               ble_srv_common.o
    0x00015fd8   0x00000064   Code   RO          425    .text               ble_sensorsim.o
    0x0001603c   0x00000a88   Code   RO          440    .text               app_timer.o
    0x00016ac4   0x00000118   Code   RO          494    .text               ble_stack_handler.o
    0x00016bdc   0x00000270   Code   RO          531    .text               ble_conn_params.o
    0x00016e4c   0x00000dcc   Code   RO          567    .text               ble_bondmngr.o
    0x00017c18   0x00000208   Code   RO          633    .text               ble_flash.o
    0x00017e20   0x0000006c   Code   RO          655    .text               ble_radio_notification.o
    0x00017e8c   0x0000005a   Code   RO          683    .text               c_p.l(memcmp.o)
    0x00017ee6   0x00000002   PAD
    0x00017ee8   0x0000004c   Code   RO          685    .text               c_p.l(strcpy.o)
    0x00017f34   0x00000044   Code   RO          687    .text               c_p.l(strlen.o)
    0x00017f78   0x00000082   Code   RO          690    .text               c_p.l(rt_memcpy.o)
    0x00017ffa   0x00000096   Code   RO          693    .text               c_p.l(rt_memmove.o)
    0x00018090   0x00000040   Code   RO          695    .text               c_p.l(rt_memclr.o)
    0x000180d0   0x0000015a   Code   RO          697    .text               c_p.l(aeabi_sdiv.o)
    0x0001822a   0x00000006   Code   RO          701    .text               c_p.l(heapauxi.o)
    0x00018230   0x0000003e   Code   RO          727    .text               c_p.l(sys_stackheap_outer.o)
    0x0001826e   0x0000000c   Code   RO          730    .text               c_p.l(exit.o)
    0x0001827a   0x00000002   PAD
    0x0001827c   0x00000008   Code   RO          742    .text               c_p.l(libspace.o)
    0x00018284   0x0000000c   Code   RO          797    .text               c_p.l(sys_exit.o)
    0x00018290   0x00000002   Code   RO          816    .text               c_p.l(use_no_semi.o)
    0x00018292   0x00000000   Code   RO          818    .text               c_p.l(indicate_semi.o)
    0x00018292   0x00000002   PAD
    0x00018294   0x0000000c   Data   RO           68    .constdata          main.o
    0x000182a0   0x00000020   Data   RO          867    Region$$Table       anon$$obj.o


    Execution Region RW_IRAM1 (Base: 0x20002000, Size: 0x00001b88, Max: 0x00002000, ABSOLUTE)

    Base Addr    Size         Type   Attr      Idx    E Section Name        Object

    0x20002000   0x00000004   Data   RW           13    .data               system_nrf51.o
    0x20002004   0x00000044   Data   RW           69    .data               main.o
    0x20002048   0x0000004a   Data   RW          213    .data               ble_dis.o
    0x20002092   0x00000001   Data   RW          354    .data               ble_error_log.o
    0x20002093   0x00000001   PAD
    0x20002094   0x00000024   Data   RW          441    .data               app_timer.o
    0x200020b8   0x0000000e   Data   RW          495    .data               ble_stack_handler.o
    0x200020c6   0x00000002   PAD
    0x200020c8   0x00000018   Data   RW          533    .data               ble_conn_params.o
    0x200020e0   0x00000016   Data   RW          569    .data               ble_bondmngr.o
    0x200020f6   0x00000001   Data   RW          634    .data               ble_flash.o
    0x200020f7   0x00000001   PAD
    0x200020f8   0x00000008   Data   RW          656    .data               ble_radio_notification.o
    0x20002100   0x0000048c   Zero   RW           67    .bss                main.o
    0x2000258c   0x0000018c   Zero   RW          353    .bss                ble_error_log.o
    0x20002718   0x0000001c   Zero   RW          532    .bss                ble_conn_params.o
    0x20002734   0x000003f4   Zero   RW          568    .bss                ble_bondmngr.o
    0x20002b28   0x00000060   Zero   RW          743    .bss                c_p.l(libspace.o)
    0x20002b88   0x00000800   Zero   RW            2    HEAP                arm_startup_nrf51.o
    0x20003388   0x00000800   Zero   RW            1    STACK               arm_startup_nrf51.o


==============================================================================

Image component sizes


      Code (inc. data)   RO Data    RW Data    ZI Data      Debug   Object Name

      2726        178          0         36          0      24888   app_timer.o
        72         32        192          0       4096        704   arm_startup_nrf51.o
      1492          4          0          0          0       8234   ble_advdata.o
       800         16          0          0          0      33895   ble_bas.o
      3532        188          0         22       1012      43752   ble_bondmngr.o
       624         32          0         24         28       6843   ble_conn_params.o
      1048        100          0         74          0      33795   ble_dis.o
       328         58          0          1        396       4528   ble_error_log.o
       520         20          0          1          0       4489   ble_flash.o
      1108         12          0          0          0      11618   ble_hrs.o
       108         10          0          8          0       4958   ble_radio_notification.o
       100          0          0          0          0       1179   ble_sensorsim.o
       136         58          0          0          0       1554   ble_srv_common.o
       280         70          0         14          0       8853   ble_stack_handler.o
      2660        286         12         68       1164      56429   main.o
        60         26          0          4          0      19945   system_nrf51.o

    ----------------------------------------------------------------------
     15596       1090        236        256       6696     265664   Object Totals
         0          0         32          0          0          0   (incl. Generated)
         2          0          0          4          0          0   (incl. Padding)

    ----------------------------------------------------------------------

      Code (inc. data)   RO Data    RW Data    ZI Data      Debug   Library Member Name

         8          0          0          0          0         68   __main.o
        60          8          0          0          0          0   __scatter.o
        26          0          0          0          0          0   __scatter_copy.o
        28          0          0          0          0          0   __scatter_zi.o
       346          0          0          0          0         92   aeabi_sdiv.o
        12          0          0          0          0         64   exit.o
         6          0          0          0          0        136   heapauxi.o
         0          0          0          0          0          0   indicate_semi.o
         2          0          0          0          0          0   libinit.o
         6          0          0          0          0          0   libinit2.o
         2          0          0          0          0          0   libshutdown.o
         2          0          0          0          0          0   libshutdown2.o
         8          4          0          0         96         68   libspace.o
        90          0          0          0          0         68   memcmp.o
        64          0          0          0          0        108   rt_memclr.o
       186          0          0          0          0        144   rt_memcpy.o
       150          0          0          0          0        104   rt_memmove.o
         0          0          0          0          0          0   rtentry.o
        12          0          0          0          0          0   rtentry2.o
         6          0          0          0          0          0   rtentry4.o
         2          0          0          0          0          0   rtexit.o
        10          0          0          0          0          0   rtexit2.o
        76          6          0          0          0         72   strcpy.o
        68          6          0          0          0         72   strlen.o
        12          4          0          0          0         60   sys_exit.o
        62          0          0          0          0         80   sys_stackheap_outer.o
         2          0          0          0          0         68   use_no_semi.o

    ----------------------------------------------------------------------
      1256         28          0          0         96       1204   Library Totals
        10          0          0          0          0          0   (incl. Padding)

    ----------------------------------------------------------------------

      Code (inc. data)   RO Data    RW Data    ZI Data      Debug   Library Name

      1246         28          0          0         96       1204   c_p.l

    ----------------------------------------------------------------------
      1256         28          0          0         96       1204   Library Totals

    ----------------------------------------------------------------------

==============================================================================


      Code (inc. data)   RO Data    RW Data    ZI Data      Debug   

     16852       1118        236        256       6792     265316   Grand Totals
     16852       1118        236        256       6792     265316   ELF Image Totals
     16852       1118        236        256          0          0   ROM Totals

==============================================================================

    Total RO  Size (Code + RO Data)                17088 (  16.69kB)
    Total RW  Size (RW Data + ZI Data)              7048 (   6.88kB)
    Total ROM Size (Code + RO Data + RW Data)      17344 (  16.94kB)

==============================================================================

