<html>
<body>
<pre>
<h1>µVision Build Log</h1>
<h2>Project:</h2>
C:\Users\Peter\Documents\Nordic Examples\nrf51822\Board\nrf6310\ble\ble_app_hrs\arm\ble_app_hrs.uvproj
Project File Date:  02/11/2013

<h2>Output:</h2>
Build target 'nRF51822_S110'
assembling arm_startup_nrf51.s...
compiling system_nrf51.c...
compiling main.c...
compiling ble_dis.c...
compiling ble_bas.c...
compiling ble_hrs.c...
compiling ble_error_log.c...
compiling ble_advdata.c...
compiling ble_srv_common.c...
compiling ble_sensorsim.c...
compiling app_timer.c...
compiling ble_stack_handler.c...
compiling ble_conn_params.c...
compiling ble_bondmngr.c...
compiling ble_flash.c...
compiling ble_radio_notification.c...
linking...
Program Size: Code=16852 RO-data=236 RW-data=256 ZI-data=6792  
FromELF: creating hex file...
".\_build\ble_app_hrs.axf" - 0 Error(s), 0 Warning(s).
Load "C:\\Users\\Peter\\Documents\\Nordic Examples\\nrf51822\\Board\\nrf6310\\ble\\ble_app_hrs\\arm\\_build\\ble_app_hrs.AXF" 
Set JLink Project File to "C:\Users\Peter\Documents\Nordic Examples\nrf51822\Board\nrf6310\ble\ble_app_hrs\arm\JLinkSettings.ini"
* JLink Info: Device "NRF51822" selected (256 KB flash, 8 KB RAM).
 
JLink info:
------------
DLL: V4.64a, compiled Feb 25 2013 18:26:59
Firmware: J-Link Lite-Cortex-M V8 compiled Aug 29 2012 15:24:23
Hardware: V8.00
S/N : 518003257 
Feature(s) : GDB 
 
* JLink Info: Found SWD-DP with ID 0x0BB11477
* JLink Info: FPUnit: 4 code (BP) slots and 0 literal slots
* JLink Info: Found Cortex-M0 r0p0, Little endian.
ROMTableAddr = 0xE00FF003
 
Target info:
------------
Device: nRF51822
VTarget = 3.287V
State of Pins: 
TCK: 0, TDI: 0, TDO: 1, TMS: 1, TRES: 1, TRST: 1
Hardware-Breakpoints: 4
Software-Breakpoints: 8192
Watchpoints:          2
JTAG speed: 1000 kHz
 
Erase Done.
Programming Done.
Verify OK.
Application running ...
